[www.irritime.com/index.html]
[static.wixstatic.com/media/d2bb1e_326b8ee672054dab85fc93183bacee60_mv2.png/v1/fill/w_192,h_192,lg_1,usm_0.66_1.00_0.01/d2bb1e_326b8ee672054dab85fc93183bacee60_mv2.png]
[static.wixstatic.com/media/d2bb1e_326b8ee672054dab85fc93183bacee60_mv2.png/v1/fill/w_32,h_32,lg_1,usm_0.66_1.00_0.01/d2bb1e_326b8ee672054dab85fc93183bacee60_mv2.png]
[static.wixstatic.com/media/d2bb1e_326b8ee672054dab85fc93183bacee60_mv2.png/v1/fill/w_180,h_180,lg_1,usm_0.66_1.00_0.01/d2bb1e_326b8ee672054dab85fc93183bacee60_mv2.png]
[static.parastorage.com/unpkg/core-js-bundle@3.2.1/minified.js]
[static.parastorage.com/unpkg/focus-within-polyfill@5.0.9/dist/focus-within-polyfill.js]
[www.irritime.com/c.5.delayed]
[www.irritime.com/t.6.delayed]
[backblue.gif]
[fade.gif]
[index.html]
[static.parastorage.com/services/editor-elements-library/dist/thunderbolt/media/ironpatern.84ec58ff.png]
[www.irritime.com/ar.html]
[www.irritime.com/es.html]
[www.irritime.com/fr.html]
[www.irritime.com/pt.html]
[www.irritime.com/ru.html]
[www.irritime.com/tr.html]
[www.irritime.com/blog-feed.xml]
[static.wixstatic.com/media/d2bb1e_50edd48e5d414095877ee3f5d59e160a_mv2.png/v1/fill/w_163,h_71,al_c,q_85,usm_0.66_1.00_0.01,enc_avif,quality_auto/İrritime-Beyaz-Logotype4.png]
[www.irritime.com/products.html]
[www.irritime.com/products/drip-irrigation-pipe.html]
[www.irritime.com/products/drippers-and-accessories.html]
[www.irritime.com/products/drip-irrigation-fittings.html]
[www.irritime.com/products/micro-sprinkler.html]
[www.irritime.com/products/filter-system.html]
[www.irritime.com/products/pp-fittings.html]
[www.irritime.com/corporate/about-us.html]
[www.irritime.com/corporate/rd-and-innovation.html]
[www.irritime.com/corporate/quality-policy.html]
[www.irritime.com/corporate/sustainable-policy.html]
[www.irritime.com/corporate/marketing-and-global-presence.html]
[www.irritime.com/contact.html]
[www.irritime.com/_files/ugd/irritime%20katalog%20tr-en.pdf_; filename_=UTF-8''irritime%20katalog%20tr-en.pdf]
[static.wixstatic.com/media/d2bb1e_0f0e0c6e134548578e482966ba669c12f000.jpg/v1/fill/w_147,h_83,al_c,q_80,usm_0.66_1.00_0.01,blur_2,/d2bb1e_0f0e0c6e134548578e482966ba669c12f000.jpg]
[static.wixstatic.com/media/11062b_603340b7bcb14e7785c7b65b233cd9f9_mv2.png/v1/fill/w_42,h_42,al_c,q_85,usm_0.66_1.00_0.01,enc_avif,quality_auto/11062b_603340b7bcb14e7785c7b65b233cd9f9_mv2.png]
[static.wixstatic.com/media/11062b_f4e3e7f537ff4762a1914aa14e3e36b9_mv2.png/v1/fill/w_42,h_42,al_c,q_85,usm_0.66_1.00_0.01,enc_avif,quality_auto/11062b_f4e3e7f537ff4762a1914aa14e3e36b9_mv2.png]
[static.wixstatic.com/media/11062b_c67939a99eaf442d95d3f851857ceedf_mv2.png/v1/fill/w_42,h_42,al_c,q_85,usm_0.66_1.00_0.01,enc_avif,quality_auto/11062b_c67939a99eaf442d95d3f851857ceedf_mv2.png]
[static.wixstatic.com/media/d2bb1e_2aab0ff9e30d4b178727873204c8a8f7f000.jpg/v1/fill/w_147,h_83,al_c,q_80,usm_0.66_1.00_0.01,blur_2,/d2bb1e_2aab0ff9e30d4b178727873204c8a8f7f000.jpg]
[static.wixstatic.com/media/d2bb1e_967bd9747958456e87930069699f43acf000.jpg/v1/fill/w_380,h_320,al_c,q_80,usm_0.66_1.00_0.01,enc_avif,quality_auto/d2bb1e_967bd9747958456e87930069699f43acf000.jpg]
[static.wixstatic.com/media/d2bb1e_36ce2e9744e44447ac9d908328debadff000.jpg/v1/fill/w_380,h_320,al_c,q_80,usm_0.66_1.00_0.01,enc_avif,quality_auto/d2bb1e_36ce2e9744e44447ac9d908328debadff000.jpg]
[static.wixstatic.com/media/d2bb1e_3d585bd44eac46e3aa2d90f1b3a56447f000.jpg/v1/fill/w_380,h_320,al_c,q_80,usm_0.66_1.00_0.01,enc_avif,quality_auto/d2bb1e_3d585bd44eac46e3aa2d90f1b3a56447f000.jpg]
[static.wixstatic.com/media/d2bb1e_ec450263b09e44298965611ea266a38ff000.jpg/v1/fill/w_380,h_320,al_c,q_80,usm_0.66_1.00_0.01,enc_avif,quality_auto/d2bb1e_ec450263b09e44298965611ea266a38ff000.jpg]
[static.wixstatic.com/media/d2bb1e_8f38139e529c481cb5926c954e88c75cf000.jpg/v1/fill/w_380,h_320,al_c,q_80,usm_0.66_1.00_0.01,enc_avif,quality_auto/d2bb1e_8f38139e529c481cb5926c954e88c75cf000.jpg]
[static.wixstatic.com/media/d2bb1e_cc783a79bc124be59326d5407488daecf000.jpg/v1/fill/w_380,h_320,al_c,q_80,usm_0.66_1.00_0.01,enc_avif,quality_auto/d2bb1e_cc783a79bc124be59326d5407488daecf000.jpg]
[static.wixstatic.com/media/d2bb1e_026e559959b04ac3a4f786b13c6edde6f000.jpg/v1/fill/w_480,h_382,al_c,q_80,usm_0.66_1.00_0.01,enc_avif,quality_auto/d2bb1e_026e559959b04ac3a4f786b13c6edde6f000.jpg]
[static.wixstatic.com/media/d2bb1e_3286f2675fee4da386844069f9002c00f000.jpg/v1/fill/w_480,h_382,al_c,q_80,usm_0.66_1.00_0.01,enc_avif,quality_auto/d2bb1e_3286f2675fee4da386844069f9002c00f000.jpg]
[static.wixstatic.com/media/d2bb1e_efd2a0cf021645c4b48b72c29bc17718f000.jpg/v1/fill/w_480,h_382,al_c,q_80,usm_0.66_1.00_0.01,enc_avif,quality_auto/d2bb1e_efd2a0cf021645c4b48b72c29bc17718f000.jpg]
[www.irritime.com/media/emptystate.85a4add5.2c.delayed]
[static.wixstatic.com/media/d2bb1e_41e0f2633c0e4f9a918b38513e5a339d_mv2.png/v1/fit/w_815,h_535,q_90,enc_avif,quality_auto/d2bb1e_41e0f2633c0e4f9a918b38513e5a339d_mv2.png]
[static.wixstatic.com/media/d2bb1e_50b6ff82363a4ad78d84eb45475052fe_mv2.png/v1/fit/w_815,h_535,q_90,enc_avif,quality_auto/d2bb1e_50b6ff82363a4ad78d84eb45475052fe_mv2.png]
[scontent-lhr6-2.cdninstagram.com/v/t51.82787-15/522628516_18310665721243922_9140606627108352748_n6c59.jpg]
[www.irritime.com/'https_/scontent-lhr6-2.cdninstagram.com/o1/v/t2/f2/m86/AQPUMJvEH24XByHyEzHadmQH-4a2LfzJiXkKOgbsv-4G374raP_Hz8Ivxjef-PEHZRmlCaKegz5YBc5M5lNZ7nQgpXrmsYAHc0GSEFQ.300bba.delayed]
[scontent-lhr8-2.cdninstagram.com/v/t51.82787-15/522638688_18310665364243922_2162959774223690921_ndebf.jpg]
[www.irritime.com/'https_/scontent-lhr6-1.cdninstagram.com/o1/v/t2/f2/m86/AQPIN_E_Ae1A_vbIsdlL2neaWdRxlqdFHxXd--AnkpX4HDiawllFTAE3oWIE8d972Yz_R-GIny60_xitgROgVSmAHhZzWipWtuoZOQM.3267e9.delayed]
[scontent-lhr6-1.cdninstagram.com/v/t51.75761-15/514913346_18308405992243922_8869224498433452869_n656a.jpg]
[www.irritime.com/'https_/scontent-lhr8-2.cdninstagram.com/o1/v/t2/f2/m86/AQO0fU1h_lUH-RfrX3dOMrO97O96IQGARntsIgENcsYWzjfRLnTUiDSi4UV_jhCxtCzTUSAvPZ7osKseqJA9xDLwbStpz94ARwp4bNc.344f57.delayed]
[scontent-lhr8-2.cdninstagram.com/v/t51.75761-15/514466904_18308406043243922_531571938474691451_n3d6c.jpg]
[www.irritime.com/'https_/scontent-lhr8-2.cdninstagram.com/o1/v/t16/f2/m69/AQMwHQNVbkUGsqm8uACCVqvm-pjnEzLOgUaNkDx-8Se3BycQ2vaag95xRT-ylUwc77F7T84cUA-hfmIfNPjV-Ia8.365ad4.delayed]
[scontent-lhr8-2.cdninstagram.com/v/t51.75761-15/514537528_18308406064243922_8856818049361575144_n23ea.jpg]
[www.irritime.com/'https_/scontent-lhr6-1.cdninstagram.com/o1/v/t2/f2/m367/AQOnIhoWukGVhU5qchpZALjy55tcuJAPzN4uiNeCLuizno8KlIZXZweWbLp5GzIl17ZWUPmu_NXr2kSfAS-sQGo100u74QvsJnearYg.383dcf.delayed]
[scontent-lhr6-1.cdninstagram.com/v/t39.30808-6/471350454_18286911148243922_8257950616677950104_n2765.jpg]
[scontent-lhr8-1.cdninstagram.com/v/t51.29350-15/427526863_846826740578505_3866813041843885288_n819a.jpg]
[scontent-lhr8-2.cdninstagram.com/v/t39.30808-6/487730108_1263774155270248_1636067122678506812_nb130.jpg]
[scontent-lhr6-1.cdninstagram.com/v/t39.30808-6/487796356_1263774135270250_5970396655132572282_n4573.jpg]
[static.wixstatic.com/media/d2bb1e_76b0127b574c49008fa31cf2c99a9c66_mv2.png/v1/fill/w_224,h_119,al_c,q_85,usm_0.66_1.00_0.01,enc_avif,quality_auto/İrritime-Standart-Logotype.png]
[static.wixstatic.com/media/11062b_fe985b889c144b348eefc7bbc67018b4_mv2.png/v1/fill/w_48,h_48,al_c,q_85,usm_0.66_1.00_0.01,enc_avif,quality_auto/11062b_fe985b889c144b348eefc7bbc67018b4_mv2.png]
[static.wixstatic.com/media/11062b_b5690303a8ff470e9b1c03a24aff140b_mv2.png/v1/fill/w_48,h_48,al_c,q_85,usm_0.66_1.00_0.01,enc_avif,quality_auto/11062b_b5690303a8ff470e9b1c03a24aff140b_mv2.png]
[static.wixstatic.com/media/11062b_ef6a6ac194704911951645990055c2ce_mv2.png/v1/fill/w_48,h_48,al_c,q_85,usm_0.66_1.00_0.01,enc_avif,quality_auto/11062b_ef6a6ac194704911951645990055c2ce_mv2.png]
[static.wixstatic.com/media/11062b_cef3b719166a4815b446d4dcfcb6120d_mv2.png/v1/fill/w_48,h_48,al_c,q_85,usm_0.66_1.00_0.01,enc_avif,quality_auto/11062b_cef3b719166a4815b446d4dcfcb6120d_mv2.png]
[www.irritime.com/p-d-p-a.html]
[www.irritime.com/privacy-policy.html]
[www.irritime.com/terms-and-conditions.html]
[www.irritime.com/cookie-policy.html]
[browser.sentry-cdn.com/7.120.3/bundle.tracing.es5.min.js]
[browser.sentry-cdn.com/7.120.3/modulemetadata.es5.min.js]
[www.irritime.com/api/index.html]
[www.irritime.com/envelope/index.html]
[www.irritime.com/sitemap.xml]
[www.irritime.com/feed.49.delayed]
[static.parastorage.com/services/wix-thunderbolt/dist/thunderbolt-commons.ef07a603.bundle.min.js]
[static.parastorage.com/services/wix-thunderbolt/dist/main.69a28d62.bundle.min.js]
[static.parastorage.com/services/wix-thunderbolt/dist/main.renderer.f600e767.bundle.min.js]
[static.parastorage.com/unpkg/lodash@4.17.21/lodash.min.js]
[static.parastorage.com/unpkg/react@18.3.1/umd/react.production.min.js]
[static.parastorage.com/unpkg/react-dom@18.3.1/umd/react-dom.production.min.js]
[static.parastorage.com/services/wix-thunderbolt/dist/browser-deprecation.bundle.es5.js]
[www.irritime.com/decodeURIComponent(e.51.delayed]
[www.irritime.com/index.html]
[www.irritime.com/c.html]
[www.irritime.com/t.html]
[static.parastorage.com/services/tag-manager-client/1.1028.0/siteTags.bundle.min.js]
[www.irritime.com/ar/blog-feed.xml]
[www.irritime.com/ar/products.html]
[www.irritime.com/ar/products/drip-irrigation-pipe.html]
[www.irritime.com/ar/products/drippers-and-accessories.html]
[www.irritime.com/ar/products/drip-irrigation-fittings.html]
[www.irritime.com/ar/products/micro-sprinkler.html]
[www.irritime.com/ar/products/filter-system.html]
[www.irritime.com/ar/products/pp-fittings.html]
[www.irritime.com/ar/corporate/about-us.html]
[www.irritime.com/ar/corporate/rd-and-innovation.html]
[www.irritime.com/ar/corporate/quality-policy.html]
[www.irritime.com/ar/corporate/sustainable-policy.html]
[www.irritime.com/ar/corporate/marketing-and-global-presence.html]
[www.irritime.com/ar/contact.html]
[www.irritime.com/ar/_files/ugd/irritime%20katalog%20AR.pdf_; filename_=UTF-8''irritime%20katalog%20AR08a5.pdf]
[scontent-iad3-1.cdninstagram.com/v/t51.82787-15/522628516_18310665721243922_9140606627108352748_n65e6.jpg]
[www.irritime.com/'https_/scontent-iad3-2.cdninstagram.com/o1/v/t2/f2/m86/AQPUMJvEH24XByHyEzHadmQH-4a2LfzJiXkKOgbsv-4G374raP_Hz8Ivxjef-PEHZRmlCaKegz5YBc5M5lNZ7nQgpXrmsYAHc0GSEFQ.63ddec.delayed]
[scontent-iad3-1.cdninstagram.com/v/t51.82787-15/522638688_18310665364243922_2162959774223690921_n7ddb.jpg]
[www.irritime.com/'https_/scontent-iad3-1.cdninstagram.com/o1/v/t2/f2/m86/AQPIN_E_Ae1A_vbIsdlL2neaWdRxlqdFHxXd--AnkpX4HDiawllFTAE3oWIE8d972Yz_R-GIny60_xitgROgVSmAHhZzWipWtuoZOQM.651d41.delayed]
[scontent-iad3-1.cdninstagram.com/v/t51.75761-15/514913346_18308405992243922_8869224498433452869_n9273.jpg]
[www.irritime.com/'https_/scontent-iad3-2.cdninstagram.com/o1/v/t2/f2/m86/AQO0fU1h_lUH-RfrX3dOMrO97O96IQGARntsIgENcsYWzjfRLnTUiDSi4UV_jhCxtCzTUSAvPZ7osKseqJA9xDLwbStpz94ARwp4bNc.67d50b.delayed]
[scontent-iad3-2.cdninstagram.com/v/t51.75761-15/514466904_18308406043243922_531571938474691451_nb425.jpg]
[www.irritime.com/'https_/scontent-iad3-1.cdninstagram.com/o1/v/t16/f2/m69/AQMwHQNVbkUGsqm8uACCVqvm-pjnEzLOgUaNkDx-8Se3BycQ2vaag95xRT-ylUwc77F7T84cUA-hfmIfNPjV-Ia8.694f2b.delayed]
[scontent-iad3-1.cdninstagram.com/v/t51.75761-15/514537528_18308406064243922_8856818049361575144_nb31c.jpg]
[www.irritime.com/'https_/scontent-iad3-1.cdninstagram.com/o1/v/t2/f2/m367/AQOnIhoWukGVhU5qchpZALjy55tcuJAPzN4uiNeCLuizno8KlIZXZweWbLp5GzIl17ZWUPmu_NXr2kSfAS-sQGo100u74QvsJnearYg.6be52d.delayed]
[scontent-iad3-1.cdninstagram.com/v/t39.30808-6/471350454_18286911148243922_8257950616677950104_naf38.jpg]
[scontent-iad3-1.cdninstagram.com/v/t51.29350-15/427526863_846826740578505_3866813041843885288_neac6.jpg]
[scontent-iad3-2.cdninstagram.com/v/t39.30808-6/487730108_1263774155270248_1636067122678506812_nbfd1.jpg]
[scontent-iad3-1.cdninstagram.com/v/t39.30808-6/487796356_1263774135270250_5970396655132572282_ncdc5.jpg]
[www.irritime.com/ar/p-d-p-a.html]
[www.irritime.com/ar/privacy-policy.html]
[www.irritime.com/ar/terms-and-conditions.html]
[www.irritime.com/ar.html]
[www.irritime.com/ar/cookie-policy.html]
[www.irritime.com/es/blog-feed.xml]
[www.irritime.com/es/products.html]
[www.irritime.com/es/products/drip-irrigation-pipe.html]
[www.irritime.com/es/products/drippers-and-accessories.html]
[www.irritime.com/es/products/drip-irrigation-fittings.html]
[www.irritime.com/es/products/micro-sprinkler.html]
[www.irritime.com/es/products/filter-system.html]
[www.irritime.com/es/products/pp-fittings.html]
[www.irritime.com/es/corporate/about-us.html]
[www.irritime.com/es/corporate/rd-and-innovation.html]
[www.irritime.com/es/corporate/quality-policy.html]
[www.irritime.com/es/corporate/sustainable-policy.html]
[www.irritime.com/es/corporate/marketing-and-global-presence.html]
[www.irritime.com/es/contact.html]
[www.irritime.com/es/_files/ugd/Spanish_%C4%B0rritime_Catalog%20L.pdf_; filename_=UTF-8''Spanish_%C4%B0rritime_Catalog%20L08a5.pdf]
[www.irritime.com/es.html]
[www.irritime.com/fr/blog-feed.xml]
[www.irritime.com/fr/products.html]
[www.irritime.com/fr/products/drip-irrigation-pipe.html]
[www.irritime.com/fr/products/drippers-and-accessories.html]
[www.irritime.com/fr/products/drip-irrigation-fittings.html]
[www.irritime.com/fr/products/micro-sprinkler.html]
[www.irritime.com/fr/products/filter-system.html]
[www.irritime.com/fr/products/pp-fittings.html]
[www.irritime.com/fr/corporate/about-us.html]
[www.irritime.com/fr/corporate/rd-and-innovation.html]
[www.irritime.com/fr/corporate/quality-policy.html]
[www.irritime.com/fr/corporate/sustainable-policy.html]
[www.irritime.com/fr/corporate/marketing-and-global-presence.html]
[www.irritime.com/fr/contact.html]
[www.irritime.com/fr/_files/ugd/irritime%20katalog%20tr-en.pdf_; filename_=UTF-8''irritime%20katalog%20tr-en.pdf]
[www.irritime.com/fr.html]
[www.irritime.com/pt/blog-feed.xml]
[www.irritime.com/pt/products.html]
[www.irritime.com/pt/products/drip-irrigation-pipe.html]
[www.irritime.com/pt/products/drippers-and-accessories.html]
[www.irritime.com/pt/products/drip-irrigation-fittings.html]
[www.irritime.com/pt/products/micro-sprinkler.html]
[www.irritime.com/pt/products/filter-system.html]
[www.irritime.com/pt/products/pp-fittings.html]
[www.irritime.com/pt/corporate/about-us.html]
[www.irritime.com/pt/corporate/rd-and-innovation.html]
[www.irritime.com/pt/corporate/quality-policy.html]
[www.irritime.com/pt/corporate/sustainable-policy.html]
[www.irritime.com/pt/corporate/marketing-and-global-presence.html]
[www.irritime.com/pt/contact.html]
[www.irritime.com/pt/_files/ugd/catalog%20PT.pdf_; filename_=UTF-8''catalog%20PT08a5.pdf]
[www.irritime.com/pt/p-d-p-a.html]
[www.irritime.com/pt/privacy-policy.html]
[www.irritime.com/pt/terms-and-conditions.html]
[www.irritime.com/pt.html]
[www.irritime.com/pt/cookie-policy.html]
[www.irritime.com/ru/blog-feed.xml]
[www.irritime.com/ru/products.html]
[www.irritime.com/ru/products/drip-irrigation-pipe.html]
[www.irritime.com/ru/products/drippers-and-accessories.html]
[www.irritime.com/ru/products/drip-irrigation-fittings.html]
[www.irritime.com/ru/products/micro-sprinkler.html]
[www.irritime.com/ru/products/filter-system.html]
[www.irritime.com/ru/products/pp-fittings.html]
[www.irritime.com/ru/corporate/about-us.html]
[www.irritime.com/ru/corporate/rd-and-innovation.html]
[www.irritime.com/ru/corporate/quality-policy.html]
[www.irritime.com/ru/corporate/sustainable-policy.html]
[www.irritime.com/ru/corporate/marketing-and-global-presence.html]
[www.irritime.com/ru/contact.html]
[www.irritime.com/ru/_files/ugd/catalog%20RU.pdf_; filename_=UTF-8''catalog%20RU08a5.pdf]
[www.irritime.com/ru/_files/ugd/catalog%20RU.pdf_; filename_=UTF-8''catalog%20RU.pdf]
[www.irritime.com/ru.html]
[www.irritime.com/tr/blog-feed.xml]
[www.irritime.com/tr/products.html]
[www.irritime.com/tr/products/drip-irrigation-pipe.html]
[www.irritime.com/tr/products/drippers-and-accessories.html]
[www.irritime.com/tr/products/drip-irrigation-fittings.html]
[www.irritime.com/tr/products/micro-sprinkler.html]
[www.irritime.com/tr/products/filter-system.html]
[www.irritime.com/tr/products/pp-fittings.html]
[www.irritime.com/tr/corporate/about-us.html]
[www.irritime.com/tr/corporate/rd-and-innovation.html]
[www.irritime.com/tr/corporate/quality-policy.html]
[www.irritime.com/tr/corporate/sustainable-policy.html]
[www.irritime.com/tr/corporate/marketing-and-global-presence.html]
[www.irritime.com/tr/contact.html]
[www.irritime.com/tr/_files/ugd/irritime%20katalog%20tr-en.pdf_; filename_=UTF-8''irritime%20katalog%20tr-en.pdf]
[www.irritime.com/tr.html]
[static.wixstatic.com/media/d2bb1e_db83c224fb694f98a6bb715231adf583_mv2.jpeg/v1/fill/w_980,h_517,al_c,q_85,usm_0.66_1.00_0.01,enc_avif,quality_auto/d2bb1e_db83c224fb694f98a6bb715231adf583_mv2.jpg]
[static.wixstatic.com/media/d2bb1e_2da10992c2b542c08b424140ad84c66af000.jpg/v1/fill/w_147,h_110,al_c,q_80,usm_0.66_1.00_0.01,blur_2/d2bb1e_2da10992c2b542c08b424140ad84c66af000.jpg]
[static.parastorage.com/services/wix-thunderbolt/dist/thunderbolt-commons.3c80e85c.bundle.min.js]
[static.parastorage.com/services/wix-thunderbolt/dist/main.2370aa5e.bundle.min.js]
[static.parastorage.com/services/tag-manager-client/1.920.0/siteTags.bundle.min.js]
[www.irritime.com/products.html]
[www.irritime.com/products/c.html]
[www.irritime.com/products/t.html]
[static.wixstatic.com/media/d2bb1e_9435dd1beaa44c5d85f3d620b1e22fb9f000.jpg/v1/fill/w_709,h_418,al_c,q_80,usm_0.66_1.00_0.01,enc_avif,quality_auto/d2bb1e_9435dd1beaa44c5d85f3d620b1e22fb9f000.jpg]
[static.wixstatic.com/media/d2bb1e_4f1a692dfd794c73b5bd05bc30c3bd4f_mv2.png/v1/crop/x_253,y_352,w_960,h_993/fill/w_354,h_333,al_c,q_85,usm_0.66_1.00_0.01,enc_avif,quality_auto/star r.png]
[static.wixstatic.com/media/d2bb1e_499f3263d1034a7abf5ecbd1f3cbcdc5_mv2.png/v1/crop/x_0,y_360,w_1500,h_779/fill/w_174,h_48,al_c,q_85,usm_0.66_1.00_0.01,enc_avif,quality_auto/star r.png]
[www.irritime.com/_files/ugd/Star%20-%20R.pdf_; filename_=UTF-8''Star%20-%20R08a5.pdf]
[www.irritime.com/_files/ugd/STAR-R%20-EN.pdf_; filename_=UTF-8''STAR-R%20-EN08a5.pdf]
[www.irritime.com/_files/ugd/pipe%20EN.pdf_; filename_=UTF-8''pipe%20EN08a5.pdf]
[static.wixstatic.com/media/d2bb1e_cf80d0dd98764d9fa425683a91c43548_mv2.png/v1/crop/x_0,y_543,w_1500,h_414/fill/w_174,h_48,al_c,q_85,usm_0.66_1.00_0.01,enc_avif,quality_auto/star p.png]
[static.wixstatic.com/media/d2bb1e_b7ebf00b210e4d909bcb543fb75ce97e_mv2.png/v1/crop/x_208,y_365,w_1056,h_997/fill/w_354,h_333,al_c,q_85,usm_0.66_1.00_0.01,enc_avif,quality_auto/star p.png]
[www.irritime.com/_files/ugd/Star%20p.pdf_; filename_=UTF-8''Star%20p08a5.pdf]
[www.irritime.com/_files/ugd/STAR-P%20-ENG.pdf_; filename_=UTF-8''STAR-P%20-ENG08a5.pdf]
[static.wixstatic.com/media/d2bb1e_62925715428146b5b39cf30594056550_mv2.png/v1/crop/x_0,y_543,w_1500,h_414/fill/w_174,h_48,al_c,q_85,usm_0.66_1.00_0.01,enc_avif,quality_auto/star l.png]
[static.wixstatic.com/media/d2bb1e_0868f258ceb94813ac1dc8890b89f51d_mv2.png/v1/crop/x_84,y_291,w_1293,h_1200/fill/w_354,h_333,al_c,q_85,usm_0.66_1.00_0.01,enc_avif,quality_auto/star l.png]
[www.irritime.com/_files/ugd/Star%20L.pdf_; filename_=UTF-8''Star%20L08a5.pdf]
[www.irritime.com/_files/ugd/STAR-l%20-ENG.pdf_; filename_=UTF-8''STAR-l%20-ENG08a5.pdf]
[static.wixstatic.com/media/d2bb1e_f2eece07c6b04ba5abfb99931a2513f7_mv2.png/v1/crop/x_0,y_543,w_1500,h_414/fill/w_174,h_48,al_c,q_85,usm_0.66_1.00_0.01,enc_avif,quality_auto/star t.png]
[static.wixstatic.com/media/d2bb1e_c826f03a93644b8980b964b4b54a8d2d_mv2.png/v1/crop/x_166,y_233,w_1236,h_1233/fill/w_354,h_333,al_c,q_85,usm_0.66_1.00_0.01,enc_avif,quality_auto/yassı.png]
[www.irritime.com/_files/ugd/Star%20T.pdf_; filename_=UTF-8''Star%20T08a5.pdf]
[www.irritime.com/_files/ugd/STAR-T%20-ENG.pdf_; filename_=UTF-8''STAR-T%20-ENG08a5.pdf]
[www.irritime.com/_files/ugd/star-t%20lp%20EN.pdf_; filename_=UTF-8''star-t%20lp%20EN08a5.pdf]
[static.wixstatic.com/media/d2bb1e_4b9ae37b0c3f4bb298e8cdd7d8c8d88c_mv2.png/v1/crop/x_0,y_543,w_1500,h_414/fill/w_174,h_48,al_c,q_85,usm_0.66_1.00_0.01,enc_avif,quality_auto/star s.png]
[static.wixstatic.com/media/d2bb1e_5e752f05804c41ffab278d676024a4b6_mv2.png/v1/crop/x_222,y_440,w_1092,h_979/fill/w_354,h_333,al_c,q_85,usm_0.66_1.00_0.01,enc_avif,quality_auto/star s.png]
[www.irritime.com/_files/ugd/Star%20S.pdf_; filename_=UTF-8''Star%20S08a5.pdf]
[www.irritime.com/_files/ugd/STAR-S%20-ENG.pdf_; filename_=UTF-8''STAR-S%20-ENG08a5.pdf]
[www.irritime.com/products/robots.html]
[www.irritime.com/products/sitemap.e3.delayed]
[www.irritime.com/products/feed.e4.delayed]
[www.irritime.com/products/drip-irrigation-pipe.html]
[www.irritime.com/products/decodeURIComponent(e.html]
[static.wixstatic.com/media/d2bb1e_441818a2695d4ea5b767b0c97211f7eaf000.jpg/v1/fill/w_654,h_418,al_c,q_80,usm_0.66_1.00_0.01,enc_avif,quality_auto/d2bb1e_441818a2695d4ea5b767b0c97211f7eaf000.jpg]
[static.wixstatic.com/media/d2bb1e_f69746c82fc24907be6817cee6f2f912_mv2.png/v1/crop/x_0,y_23,w_800,h_777/fill/w_353,h_333,al_c,q_85,usm_0.66_1.00_0.01,enc_avif,quality_auto/elf.png]
[www.irritime.com/_files/ugd/1-BASIN%C3%87%20AYARLI%20-%20ENG.pdf_; filename_=UTF-8''1-BASIN%C3%87%20AYARLI%20-%20ENG08a5.pdf]
[www.irritime.com/_files/ugd/1-BASIN%C3%87%20AYARLI%20-%20ENG.pdf_; filename_=UTF-8''1-BASIN%C3%87%20AYARLI%20-%20ENG08a5-2.pdf]
[www.irritime.com/_files/ugd/Koli%20-%20ENG.pdf_; filename_=UTF-8''Koli%20-%20ENG.pdf]
[static.wixstatic.com/media/d2bb1e_504ab6520e03424195102cb502bac51c_mv2.png/v1/fill/w_353,h_333,al_c,q_85,usm_0.66_1.00_0.01,enc_avif,quality_auto/damlatıcı.png]
[www.irritime.com/_files/ugd/D%C3%9CZ%20DAMLATICI%20-%20ENG.pdf_; filename_=UTF-8''D%C3%9CZ%20DAMLATICI%20-%20ENG08a5.pdf]
[www.irritime.com/_files/ugd/Hat%20%C3%9Cst%C3%BC%20-%20ENG.pdf_; filename_=UTF-8''Hat%20%C3%9Cst%C3%BC%20-%20ENG08a5.pdf]
[www.irritime.com/_files/ugd/Koli%20-%20ENG.pdf_; filename_=UTF-8''Koli%20-%20ENG08a5.pdf]
[static.wixstatic.com/media/d2bb1e_a223321bbb84417cb51c4f26ccb62162_mv2.png/v1/crop/x_0,y_23,w_800,h_755/fill/w_353,h_333,al_c,q_85,usm_0.66_1.00_0.01,enc_avif,quality_auto/saksı sulama.png]
[www.irritime.com/_files/ugd/3-SAKSI%20SULAMA%20SETLER%C4%B0.pdf_; filename_=UTF-8''3-SAKSI%20SULAMA%20SETLER%C4%B008a5.pdf]
[www.irritime.com/_files/ugd/3-SAKSI%20SULAMA%20SETLER%C4%B0%20-%20ENG.pdf_; filename_=UTF-8''3-SAKSI%20SULAMA%20SETLER%C4%B0%20-%20ENG08a5.pdf]
[static.wixstatic.com/media/d2bb1e_07af77d6388048539d6b206968f1c73d_mv2.png/v1/fill/w_353,h_333,al_c,q_85,usm_0.66_1.00_0.01,enc_avif,quality_auto/aksesuar.png]
[www.irritime.com/_files/ugd/4-AKSESUARLAR-ENG.pdf_; filename_=UTF-8''4-AKSESUARLAR-ENG08a5.pdf]
[www.irritime.com/_files/ugd/accesories%20EN.pdf_; filename_=UTF-8''accesories%20EN08a5.pdf]
[www.irritime.com/products/drippers-and-accessories.html]
[static.wixstatic.com/media/d2bb1e_b5fe3cb4519647c8a2086dd34237cafcf000.jpg/v1/fill/w_724,h_413,al_c,q_80,usm_0.66_1.00_0.01,enc_avif,quality_auto/d2bb1e_b5fe3cb4519647c8a2086dd34237cafcf000.jpg]
[static.wixstatic.com/media/d2bb1e_f789aa36fb574f58bca663b4df4431d0_mv2.png/v1/crop/x_0,y_23,w_800,h_755/fill/w_353,h_333,al_c,q_85,usm_0.66_1.00_0.01,enc_avif,quality_auto/vana.png]
[www.irritime.com/_files/ugd/2-MINI%20VANALAR%20ENG.pdf_; filename_=UTF-8''2-MINI%20VANALAR%20ENG08a5.pdf]
[www.irritime.com/_files/ugd/MINI%20VANA%20ENG.pdf_; filename_=UTF-8''MINI%20VANA%20ENG08a5.pdf]
[static.wixstatic.com/media/d2bb1e_34fcc97cd300405baa641d26d0e4ab21_mv2.png/v1/crop/x_0,y_23,w_800,h_755/fill/w_353,h_333,al_c,q_85,usm_0.66_1.00_0.01,enc_avif,quality_auto/Kurtağzı.png]
[www.irritime.com/_files/ugd/d2bb1e_9e56e2370c8e4bbe9a339892aaa8af8c08a5.pdf]
[www.irritime.com/_files/ugd/1%20BARBED%20Fittings%20ENG.pdf_; filename_=UTF-8''1%20BARBED%20Fittings%20ENG08a5.pdf]
[static.wixstatic.com/media/d2bb1e_095263e2a5b84c7c8c6beb413d6cb1bf_mv2.png/v1/fill/w_353,h_333,al_c,q_85,usm_0.66_1.00_0.01,enc_avif,quality_auto/yüzük.png]
[www.irritime.com/_files/ugd/Y%C3%9CZ%C3%9CKL%C3%9C%20EK%20PAR%C3%87ALARI-%20ENG.pdf_; filename_=UTF-8''Y%C3%9CZ%C3%9CKL%C3%9C%20EK%20PAR%C3%87ALARI-%20ENG08a5.pdf]
[www.irritime.com/_files/ugd/4%20FITTINGS%20For%20Tape%20-%20ENG_Y%C3%BCz%C3%BCk.pdf_; filename_=UTF-8''4%20FITTINGS%20For%20Tape%20-%20ENG_Y%C3%BCz%C3%BCk08a5.pdf]
[static.wixstatic.com/media/d2bb1e_2ed0a4d97585462f85ff7f1b4d86536d_mv2.png/v1/fill/w_353,h_333,al_c,q_85,usm_0.66_1.00_0.01,enc_avif,quality_auto/somon.png]
[www.irritime.com/_files/ugd/3-SOMUNLU%20EK%20PAR%C3%87ALARI-%20ENG.pdf_; filename_=UTF-8''3-SOMUNLU%20EK%20PAR%C3%87ALARI-%20ENG08a5.pdf]
[www.irritime.com/_files/ugd/4%20FITTINGS%20For%20Tape%20-%20ENG_SOMun-.pdf_; filename_=UTF-8''4%20FITTINGS%20For%20Tape%20-%20ENG_SOMun-08a5.pdf]
[www.irritime.com/products/drip-irrigation-fittings.html]
[static.wixstatic.com/media/d2bb1e_1e8026589be14f328b29db11f06f494b_mv2.png/v1/fill/w_980,h_532,al_c,q_90,enc_avif,quality_auto/micro sprink.png]
[static.wixstatic.com/media/d2bb1e_c2df14fc575f48fe89972389c40c271b_mv2.png/v1/fill/w_353,h_333,al_c,q_85,usm_0.66_1.00_0.01,enc_avif,quality_auto/Başlıksız-2.png]
[www.irritime.com/_files/ugd/4-M%C4%B0CRO%20YA%C4%9EMURLAMA%20-%20ENG.pdf_; filename_=UTF-8''4-M%C4%B0CRO%20YA%C4%9EMURLAMA%20-%20ENG08a5.pdf]
[www.irritime.com/_files/ugd/Micro%20Sprink%20-%20ENG.pdf_; filename_=UTF-8''Micro%20Sprink%20-%20ENG08a5.pdf]
[www.irritime.com/products/micro-sprinkler.html]
[static.wixstatic.com/media/d2bb1e_2d4600c157874d8497f7cd59bd0345ff_mv2.jpeg/v1/fill/w_980,h_550,al_c,q_85,usm_0.66_1.00_0.01,enc_avif,quality_auto/d2bb1e_2d4600c157874d8497f7cd59bd0345ff_mv2.jpg]
[static.wixstatic.com/media/d2bb1e_e25d01fe1cae4e7fa8b45f52bf83a253_mv2.png/v1/crop/x_0,y_23,w_800,h_755/fill/w_353,h_333,al_c,q_85,usm_0.66_1.00_0.01,enc_avif,quality_auto/plastik filtre.png]
[www.irritime.com/_files/ugd/1-PLAST%C4%B0K%20F%C4%B0LTRELER-ENG-s%C4%B1k%C4%B1%C5%9Ft%C4%B1r%C4%B1lm%C4%B1%C5%9F.pdf_; filename_=UTF-8''1-PLAST%C4%B0K%20F%C4%B0LTRELER-ENG-s%C4%B1k%C4%B1%C5%9Ft%C4%B]
[www.irritime.com/_files/ugd/Plastic%20Filter%20EN.pdf_; filename_=UTF-8''Plastic%20Filter%20EN08a5.pdf]
[static.wixstatic.com/media/d2bb1e_e5885156667845d8a391dbba4562f457_mv2.png/v1/fill/w_353,h_333,al_c,q_85,usm_0.66_1.00_0.01,enc_avif,quality_auto/metal.png]
[www.irritime.com/_files/ugd/2-METAL%20F%C4%B0LTRELER%20-%20ENG-s%C4%B1k%C4%B1%C5%9Ft%C4%B1r%C4%B1lm%C4%B1%C5%9F.pdf_; filename_=UTF-8''2-METAL%20F%C4%B0LTRELER%20-%20ENG-s%C4%B1k%C4%B1%C5%9Ft%C4%B1r]
[www.irritime.com/products/filter-system.html]
[static.wixstatic.com/media/d2bb1e_93e43ae726c042a8b5683f74ba505926_mv2.png/v1/fill/w_353,h_333,al_c,q_85,usm_0.66_1.00_0.01,enc_avif,quality_auto/pp.png]
[static.wixstatic.com/media/d2bb1e_48a95410d2444bd68d3fe39cb05be8b1_mv2.jpg/v1/crop/x_0,y_24,w_1588,h_778/fill/w_1057,h_518,al_c,q_85,usm_0.66_1.00_0.01,enc_a/d2bb1e_48a95410d2444bd68d3fe39cb05be8b1_]
[www.irritime.com/_files/ugd/d2bb1e_897604b4c86243c69320422709855dc408a5.pdf]
[www.irritime.com/_files/ugd/Di%C5%9Fli%20Ek%20Par%C3%A7alar%20-%20ENG.pdf_; filename_=UTF-8''Di%C5%9Fli%20Ek%20Par%C3%A7alar%20-%20ENG08a5.pdf]
[static.wixstatic.com/media/d2bb1e_89440f4fa07a4871a170498e91748cae_mv2.png/v1/fill/w_353,h_333,al_c,q_85,usm_0.66_1.00_0.01,enc_avif,quality_auto/kablin.png]
[www.irritime.com/_files/ugd/couplings%20EN-s%C4%B1k%C4%B1%C5%9Ft%C4%B1r%C4%B1lm%C4%B1%C5%9F.pdf_; filename_=UTF-8''couplings%20EN-s%C4%B1k%C4%B1%C5%9Ft%C4%B1r%C4%B1lm%C4%B1%C5%9F08a5.pdf]
[www.irritime.com/_files/ugd/kABL%C4%B0NLER%20-%20ENG.pdf_; filename_=UTF-8''kABL%C4%B0NLER%20-%20ENG08a5.pdf]
[static.wixstatic.com/media/d2bb1e_1c67d9f33de74a289b4d920edaaa67c7_mv2.png/v1/fill/w_353,h_333,al_c,q_85,usm_0.66_1.00_0.01,enc_avif,quality_auto/vanalar.png]
[www.irritime.com/_files/ugd/vanalar%20ENG.pdf_; filename_=UTF-8''vanalar%20ENG08a5.pdf]
[www.irritime.com/_files/ugd/valves%20EN.pdf_; filename_=UTF-8''valves%20EN08a5.pdf]
[www.irritime.com/products/pp-fittings.html]
[www.irritime.com/corporate/c.html]
[www.irritime.com/corporate/t.html]
[static.wixstatic.com/media/d2bb1e_783da4097762421398f45119c10f14abf000.jpg/v1/fill/w_106,h_60,al_c,q_80,usm_0.66_1.00_0.01,blur_2,/d2bb1e_783da4097762421398f45119c10f14abf000.jpg]
[static.wixstatic.com/media/d2bb1e_1018d34b00ef49bebab62ebf9e0899f7_mv2.jpg/v1/fill/w_263,h_161,al_c,q_80,usm_0.66_1.00_0.01,enc_avif,quality_auto/fabrika.jpg]
[static.wixstatic.com/media/d2bb1e_e3bf24f030a64e66830972bcdfadeb19_mv2.jpg/v1/fill/w_288,h_152,al_c,q_80,usm_0.66_1.00_0.01,enc_avif,quality_auto/_MG_9517.jpg]
[static.wixstatic.com/media/d2bb1e_a15899527f5b447aa6521f01cfb1ca00_mv2.png/v1/fill/w_302,h_169,al_c,q_85,usm_0.66_1.00_0.01,enc_avif,quality_auto/_MG_9569.png]
[static.wixstatic.com/media/d2bb1e_de06ba6203dc40e6b5e7d2c5a728a554_mv2.png/v1/fill/w_314,h_175,al_c,q_85,usm_0.66_1.00_0.01,enc_avif,quality_auto/_MG_9625.png]
[static.wixstatic.com/media/d2bb1e_8e54ca121bf54b2392176687063aad94_mv2.jpg/v1/fill/w_443,h_249,al_c,q_80,usm_0.66_1.00_0.01,enc_avif,quality_auto/_MG_9615.jpg]
[static.wixstatic.com/media/d2bb1e_5704da13c6104adabbeccf50b986d4f0_mv2.jpg/v1/crop/x_502,y_144,w_891,h_778/fill/w_443,h_265,al_c,q_80,usm_0.66_1.00_0.01,enc_av/4157c368-c125-43e2-9646-87975649ee32_e]
[www.irritime.com/corporate/robots.html]
[www.irritime.com/corporate/sitemap.120.delayed]
[www.irritime.com/corporate/feed.121.delayed]
[www.irritime.com/corporate/about-us.html]
[www.irritime.com/corporate/decodeURIComponent(e.html]
[static.wixstatic.com/media/d2bb1e_a15899527f5b447aa6521f01cfb1ca00_mv2.png/v1/fill/w_478,h_287,al_c,q_85,usm_0.66_1.00_0.01,enc_avif,quality_auto/_MG_9569.png]
[static.wixstatic.com/media/d2bb1e_3bcbb4cadb8848f18c85d786c342628c_mv2.jpg/v1/fill/w_478,h_287,al_c,q_80,usm_0.66_1.00_0.01,enc_avif,quality_auto/_MG_9587.jpg]
[static.wixstatic.com/media/d2bb1e_2b63cf43eb6d4e2eba9e0b399b8d5143_mv2.jpg/v1/fill/w_478,h_287,al_c,q_80,usm_0.66_1.00_0.01,enc_avif,quality_auto/mini valve complate_JPG.jpg]
[static.wixstatic.com/media/d2bb1e_a78e276b5015408484ce32aeb55a9643_mv2.png/v1/fill/w_478,h_287,al_c,q_85,usm_0.66_1.00_0.01,enc_avif,quality_auto/mini valve body_PNG.png]
[www.irritime.com/corporate/rd-and-innovation.html]
[www.irritime.com/corporate/quality-policy.html]
[static.wixstatic.com/media/d2bb1e_1de8e1e3fddb4f8c9ae354a6abe14403_mv2.jpg/v1/fill/w_403,h_324,al_c,q_80,usm_0.66_1.00_0.01,enc_avif,quality_auto/60056.jpg]
[static.wixstatic.com/media/d2bb1e_a86bcbd333a04111b4d8a6d9ab1c253b_mv2.jpg/v1/fill/w_403,h_324,al_c,q_80,usm_0.66_1.00_0.01,enc_avif,quality_auto/8.jpg]
[static.wixstatic.com/media/d2bb1e_0010ec7baf5f4b73ae565c5a6e0b8fee_mv2.jpg/v1/fill/w_403,h_324,al_c,q_80,usm_0.66_1.00_0.01,enc_avif,quality_auto/6354910.jpg]
[static.wixstatic.com/media/d2bb1e_cace3c69ab7d4086becc29707310a20b_mv2.jpg/v1/fill/w_403,h_324,al_c,q_80,usm_0.66_1.00_0.01,enc_avif,quality_auto/kids-holding-their-hands-clover.jpg]
[static.wixstatic.com/media/d2bb1e_be8553c31bcf47a89dfefb8e6b3582b8_mv2.jpg/v1/fill/w_403,h_324,al_c,q_80,usm_0.66_1.00_0.01,enc_avif,quality_auto/woman-interacting-with-money.jpg]
[static.wixstatic.com/media/d2bb1e_bf4a6b58ca904e079d156ccdf256b0b9_mv2.jpeg/v1/fill/w_403,h_324,al_c,q_80,usm_0.66_1.00_0.01,enc_avif,quality_auto/12.jpg]
[static.wixstatic.com/media/d2bb1e_0ca925747b234d2f81b985f8b7bc0ff8_mv2.jpg/v1/fill/w_403,h_324,al_c,q_80,usm_0.66_1.00_0.01,enc_avif,quality_auto/handshake-businessmen.jpg]
[www.irritime.com/corporate/sustainable-policy.html]
[static.wixstatic.com/media/d2bb1e_4f45a4f6b5134768b8cb5465b50d560b_mv2.jpg/v1/crop/x_0,y_0,w_4833,h_3885/fill/w_403,h_324,al_c,q_80,usm_0.66_1.00_0.01,enc_av/still-life-sustainable-lifestyle-element]
[static.wixstatic.com/media/d2bb1e_5753410c2c0d4b13977213ed2089bc51_mv2.jpg/v1/fill/w_980,h_663,al_c,q_85,usm_0.66_1.00_0.01,enc_avif,quality_auto/revize.jpg]
[www.irritime.com/corporate/marketing-and-global-presence.html]
[static.parastorage.com/services/editor-elements-library/dist/thunderbolt/media/sloppyframe.d2412ec4.png]
[static.wixstatic.com/media/d2bb1e_389a873e71b244a0b03e4fb4bdba0551_mv2.png/v1/crop/x_33,y_0,w_436,h_502/fill/w_118,h_136,al_c,q_85,usm_0.66_1.00_0.01,enc_avif,quality_auto/393B3D.png]
[static.wixstatic.com/media/d2bb1e_d77e0746eee546928d318632e78b8b2d_mv2.png/v1/crop/x_33,y_0,w_434,h_500/fill/w_118,h_136,al_c,q_85,usm_0.66_1.00_0.01,enc_avif,quality_auto/erkek.png]
[static.wixstatic.com/media/d2bb1e_5a4c33aea2d94d5697f40638767027a4_mv2.png/v1/crop/x_33,y_0,w_434,h_500/fill/w_118,h_136,al_c,q_85,usm_0.66_1.00_0.01,enc_avif,quality_auto/kadın2.png]
[static.wixstatic.com/media/d2bb1e_a263267f9c084fe6af5a32a912e44f8c_mv2.png/v1/crop/x_33,y_0,w_436,h_502/fill/w_118,h_136,al_c,q_85,usm_0.66_1.00_0.01,enc_avif,quality_auto/3D4C26.png]
[static.wixstatic.com/media/d2bb1e_30712ac19b4a47d4a03e64b31527321c_mv2.png/v1/crop/x_33,y_0,w_436,h_502/fill/w_118,h_136,al_c,q_85,usm_0.66_1.00_0.01,enc_avif,quality_auto/A0611C.png]
[static.wixstatic.com/media/d2bb1e_d8b88fbf023542db81783dab51ffc97c_mv2.png/v1/crop/x_33,y_0,w_434,h_500/fill/w_118,h_136,al_c,q_85,usm_0.66_1.00_0.01,enc_avif,quality_auto/erkek2.png]
[static.wixstatic.com/media/d2bb1e_71880dcda903431ca4319dbff0c055a4_mv2.png/v1/crop/x_33,y_0,w_436,h_502/fill/w_118,h_136,al_c,q_85,usm_0.66_1.00_0.01,enc_avif,quality_auto/226363.png]
[static.wixstatic.com/media/d2bb1e_70cea14620094b54a55252fa526e5f0b_mv2.png/v1/crop/x_33,y_0,w_436,h_502/fill/w_118,h_136,al_c,q_85,usm_0.66_1.00_0.01,enc_avif,quality_auto/0AA39B.png]
[www.irritime.com/contact.html]
[www.irritime.com/media/emptystate.85a4add5.html]
[www.irritime.com/'https_/scontent-lhr6-2.cdninstagram.com/o1/v/t2/f2/m86/AQPUMJvEH24XByHyEzHadmQH-4a2LfzJiXkKOgbsv-4G374raP_Hz8Ivxjef-PEHZRmlCaKegz5YBc5M5lNZ7nQgpXrmsYAHc0GSEFQ0bba.html]
[www.irritime.com/'https_/scontent-lhr6-1.cdninstagram.com/o1/v/t2/f2/m86/AQPIN_E_Ae1A_vbIsdlL2neaWdRxlqdFHxXd--AnkpX4HDiawllFTAE3oWIE8d972Yz_R-GIny60_xitgROgVSmAHhZzWipWtuoZOQM67e9.html]
[www.irritime.com/'https_/scontent-lhr8-2.cdninstagram.com/o1/v/t2/f2/m86/AQO0fU1h_lUH-RfrX3dOMrO97O96IQGARntsIgENcsYWzjfRLnTUiDSi4UV_jhCxtCzTUSAvPZ7osKseqJA9xDLwbStpz94ARwp4bNc4f57.html]
[www.irritime.com/'https_/scontent-lhr8-2.cdninstagram.com/o1/v/t16/f2/m69/AQMwHQNVbkUGsqm8uACCVqvm-pjnEzLOgUaNkDx-8Se3BycQ2vaag95xRT-ylUwc77F7T84cUA-hfmIfNPjV-Ia85ad4.html]
[www.irritime.com/'https_/scontent-lhr6-1.cdninstagram.com/o1/v/t2/f2/m367/AQOnIhoWukGVhU5qchpZALjy55tcuJAPzN4uiNeCLuizno8KlIZXZweWbLp5GzIl17ZWUPmu_NXr2kSfAS-sQGo100u74QvsJnearYg3dcf.html]
[www.irritime.com/es/p-d-p-a.html]
[www.irritime.com/fr/p-d-p-a.html]
[www.irritime.com/ru/p-d-p-a.html]
[www.irritime.com/p-d-p-a.html]
[www.irritime.com/tr/p-d-p-a.html]
[www.irritime.com/es/privacy-policy.html]
[www.irritime.com/fr/privacy-policy.html]
[www.irritime.com/ru/privacy-policy.html]
[www.irritime.com/privacy-policy.html]
[www.irritime.com/tr/privacy-policy.html]
[www.irritime.com/es/terms-and-conditions.html]
[www.irritime.com/fr/terms-and-conditions.html]
[www.irritime.com/ru/terms-and-conditions.html]
[www.irritime.com/terms-and-conditions.html]
[www.irritime.com/tr/terms-and-conditions.html]
[www.irritime.com/es/cookie-policy.html]
[www.irritime.com/fr/cookie-policy.html]
[www.irritime.com/ru/cookie-policy.html]
[www.irritime.com/cookie-policy.html]
[www.irritime.com/api/index.html]
[www.irritime.com/envelope/index.html]
[www.irritime.com/feed.html]
[www.irritime.com/decodeURIComponent(e.html]
[www.irritime.com/tr/cookie-policy.html]
[www.irritime.com/ar/c.149.delayed]
[www.irritime.com/ar/t.14a.delayed]
[www.irritime.com/ar/robots.14b.delayed]
[www.irritime.com/ar/sitemap.14c.delayed]
[www.irritime.com/ar/feed.14d.delayed]
[www.irritime.com/ar/decodeURIComponent(e.14e.delayed]
[www.irritime.com/ar/products.html]
[www.irritime.com/ar/products/c.html]
[www.irritime.com/ar/products/t.html]
[www.irritime.com/ar/_files/ugd/sTAR%20r%20-%20AR.pdf_; filename_=UTF-8''sTAR%20r%20-%20AR08a5.pdf]
[www.irritime.com/ar/_files/ugd/STAR-R%20-AR.pdf_; filename_=UTF-8''STAR-R%20-AR08a5.pdf]
[www.irritime.com/ar/_files/ugd/pipe%20lp%20AR.pdf_; filename_=UTF-8''pipe%20lp%20AR08a5.pdf]
[www.irritime.com/ar/_files/ugd/STAR%20P%20-%20AR.pdf_; filename_=UTF-8''STAR%20P%20-%20AR08a5.pdf]
[www.irritime.com/ar/_files/ugd/STAR-P%20-AR.pdf_; filename_=UTF-8''STAR-P%20-AR08a5.pdf]
[www.irritime.com/ar/_files/ugd/star%20l%20AR.pdf_; filename_=UTF-8''star%20l%20AR08a5.pdf]
[www.irritime.com/ar/_files/ugd/STAR-l%20-AR.pdf_; filename_=UTF-8''STAR-l%20-AR08a5.pdf]
[www.irritime.com/ar/_files/ugd/STAR%20T-AR.pdf_; filename_=UTF-8''STAR%20T-AR08a5.pdf]
[www.irritime.com/ar/_files/ugd/STAR-T%20-AR.pdf_; filename_=UTF-8''STAR-T%20-AR08a5.pdf]
[www.irritime.com/ar/_files/ugd/star-t%20lp%20AR.pdf_; filename_=UTF-8''star-t%20lp%20AR08a5.pdf]
[www.irritime.com/ar/_files/ugd/STAR%20S-AR.pdf_; filename_=UTF-8''STAR%20S-AR08a5.pdf]
[www.irritime.com/ar/_files/ugd/STAR-S%20-AR.pdf_; filename_=UTF-8''STAR-S%20-AR08a5.pdf]
[www.irritime.com/ar/products/robots.html]
[www.irritime.com/ar/products/sitemap.15e.delayed]
[www.irritime.com/ar/products/feed.15f.delayed]
[www.irritime.com/ar/products/drip-irrigation-pipe.html]
[www.irritime.com/ar/products/decodeURIComponent(e.html]
[www.irritime.com/ar/_files/ugd/1-BASIN%C3%87%20AYARLI%20-%20AR.pdf_; filename_=UTF-8''1-BASIN%C3%87%20AYARLI%20-%20AR08a5.pdf]
[www.irritime.com/ar/_files/ugd/BASIN%C3%87%20AYARLI%20AR.pdf_; filename_=UTF-8''BASIN%C3%87%20AYARLI%20AR08a5.pdf]
[www.irritime.com/ar/_files/ugd/KOL%C4%B0%20AR.pdf_; filename_=UTF-8''KOL%C4%B0%20AR08a5.pdf]
[www.irritime.com/ar/_files/ugd/2-D%C3%9CZ%20DAMLATICI%20-%20AR.pdf_; filename_=UTF-8''2-D%C3%9CZ%20DAMLATICI%20-%20AR08a5.pdf]
[www.irritime.com/ar/_files/ugd/Hat%20-%2070%20Teknik%20-%20AR.pdf_; filename_=UTF-8''Hat%20-%2070%20Teknik%20-%20AR08a5.pdf]
[www.irritime.com/ar/_files/ugd/3-SAKSI%20SULAMA%20SETLER%C4%B0%20-%20AR.pdf_; filename_=UTF-8''3-SAKSI%20SULAMA%20SETLER%C4%B0%20-%20AR08a5.pdf]
[www.irritime.com/ar/_files/ugd/SAKSI%20SULAMA%20SETLER%C4%B0%20-%20AR.pdf_; filename_=UTF-8''SAKSI%20SULAMA%20SETLER%C4%B0%20-%20AR08a5.pdf]
[www.irritime.com/ar/_files/ugd/4-AKSESUARLAR%20-%20AR.pdf_; filename_=UTF-8''4-AKSESUARLAR%20-%20AR08a5.pdf]
[www.irritime.com/ar/_files/ugd/Accessories%20AR.pdf_; filename_=UTF-8''Accessories%20AR08a5.pdf]
[www.irritime.com/ar/products/drippers-and-accessories.html]
[www.irritime.com/ar/_files/ugd/2-MINI%20VANALAR%20-%20AR.pdf_; filename_=UTF-8''2-MINI%20VANALAR%20-%20AR08a5.pdf]
[www.irritime.com/ar/_files/ugd/MINI%20VANA%20AR.pdf_; filename_=UTF-8''MINI%20VANA%20AR08a5.pdf]
[www.irritime.com/ar/_files/ugd/KURTA%C4%9EZI%20EK%20PAR%C3%87ALAR-AR.pdf_; filename_=UTF-8''KURTA%C4%9EZI%20EK%20PAR%C3%87ALAR-AR08a5.pdf]
[www.irritime.com/ar/_files/ugd/BARBED%20Fittings%20AR.pdf_; filename_=UTF-8''BARBED%20Fittings%20AR08a5.pdf]
[www.irritime.com/ar/_files/ugd/4-Y%C3%9CZ%C3%9CKL%C3%9C%20EK%20PAR%C3%87ALARI%20-AR.pdf_; filename_=UTF-8''4-Y%C3%9CZ%C3%9CKL%C3%9C%20EK%20PAR%C3%87ALARI%20-AR08a5.pdf]
[www.irritime.com/ar/_files/ugd/FITTINGS%20For%20Tape%20-%20AR.pdf_; filename_=UTF-8''FITTINGS%20For%20Tape%20-%20AR08a5.pdf]
[www.irritime.com/ar/_files/ugd/3-SOMUNLU%20EK%20PAR%C3%87ALARI%20-%20AR.pdf_; filename_=UTF-8''3-SOMUNLU%20EK%20PAR%C3%87ALARI%20-%20AR08a5.pdf]
[www.irritime.com/ar/_files/ugd/Somun%20AR.pdf_; filename_=UTF-8''Somun%20AR08a5.pdf]
[www.irritime.com/ar/products/drip-irrigation-fittings.html]
[static.parastorage.com/services/wix-thunderbolt/dist/thunderbolt-commons.2726e379.bundle.min.js]
[www.irritime.com/ar/_files/ugd/4-M%C4%B0CRO%20YA%C4%9EMURLAMA%20-%20AR.pdf_; filename_=UTF-8''4-M%C4%B0CRO%20YA%C4%9EMURLAMA%20-%20AR08a5.pdf]
[www.irritime.com/ar/_files/ugd/Micro%20Sprink%20-%20AR.pdf_; filename_=UTF-8''Micro%20Sprink%20-%20AR08a5.pdf]
[www.irritime.com/ar/products/micro-sprinkler.html]
[www.irritime.com/ar/_files/ugd/1-PLAST%C4%B0K%20F%C4%B0LTRELER-AR.pdf_; filename_=UTF-8''1-PLAST%C4%B0K%20F%C4%B0LTRELER-AR08a5.pdf]
[www.irritime.com/ar/_files/ugd/Plastic%20Filter%20AR.pdf_; filename_=UTF-8''Plastic%20Filter%20AR08a5.pdf]
[www.irritime.com/ar/_files/ugd/2-METAL%20F%C4%B0LTRELER%20-%20AR.pdf_; filename_=UTF-8''2-METAL%20F%C4%B0LTRELER%20-%20AR08a5.pdf]
[www.irritime.com/ar/products/filter-system.html]
[www.irritime.com/ar/_files/ugd/PP%20S%C4%B0YAH%20PAR%C3%87ALAR%20-%20AR.pdf_; filename_=UTF-8''PP%20S%C4%B0YAH%20PAR%C3%87ALAR%20-%20AR.pdf]
[www.irritime.com/ar/_files/ugd/Di%C5%9Fli%20Ek%20Par%C3%A7alar%20-%20AR.pdf_; filename_=UTF-8''Di%C5%9Fli%20Ek%20Par%C3%A7alar%20-%20AR08a5.pdf]
[www.irritime.com/ar/_files/ugd/couplings%20AR.pdf_; filename_=UTF-8''couplings%20AR08a5.pdf]
[www.irritime.com/ar/_files/ugd/kablinler%20AR.pdf_; filename_=UTF-8''kablinler%20AR08a5.pdf]
[www.irritime.com/ar/_files/ugd/vanalar%20AR.pdf_; filename_=UTF-8''vanalar%20AR08a5.pdf]
[www.irritime.com/ar/_files/ugd/vanalar%20AR.pdf_; filename_=UTF-8''vanalar%20AR08a5-2.pdf]
[www.irritime.com/ar/products/pp-fittings.html]
[www.irritime.com/ar/corporate/c.html]
[www.irritime.com/ar/corporate/t.html]
[www.irritime.com/ar/corporate/robots.html]
[www.irritime.com/ar/corporate/sitemap.181.delayed]
[www.irritime.com/ar/corporate/feed.182.delayed]
[www.irritime.com/ar/corporate/about-us.html]
[www.irritime.com/ar/corporate/rd-and-innovation.html]
[www.irritime.com/ar/corporate/quality-policy.html]
[www.irritime.com/ar/corporate/sustainable-policy.html]
[www.irritime.com/ar/corporate/marketing-and-global-presence.html]
[www.irritime.com/ar/contact.html]
[www.irritime.com/'https_/scontent-iad3-2.cdninstagram.com/o1/v/t2/f2/m86/AQPUMJvEH24XByHyEzHadmQH-4a2LfzJiXkKOgbsv-4G374raP_Hz8Ivxjef-PEHZRmlCaKegz5YBc5M5lNZ7nQgpXrmsYAHc0GSEFQddec.html]
[www.irritime.com/'https_/scontent-iad3-1.cdninstagram.com/o1/v/t2/f2/m86/AQPIN_E_Ae1A_vbIsdlL2neaWdRxlqdFHxXd--AnkpX4HDiawllFTAE3oWIE8d972Yz_R-GIny60_xitgROgVSmAHhZzWipWtuoZOQM1d41.html]
[www.irritime.com/'https_/scontent-iad3-2.cdninstagram.com/o1/v/t2/f2/m86/AQO0fU1h_lUH-RfrX3dOMrO97O96IQGARntsIgENcsYWzjfRLnTUiDSi4UV_jhCxtCzTUSAvPZ7osKseqJA9xDLwbStpz94ARwp4bNcd50b.html]
[www.irritime.com/'https_/scontent-iad3-1.cdninstagram.com/o1/v/t16/f2/m69/AQMwHQNVbkUGsqm8uACCVqvm-pjnEzLOgUaNkDx-8Se3BycQ2vaag95xRT-ylUwc77F7T84cUA-hfmIfNPjV-Ia84f2b.html]
[www.irritime.com/'https_/scontent-iad3-1.cdninstagram.com/o1/v/t2/f2/m367/AQOnIhoWukGVhU5qchpZALjy55tcuJAPzN4uiNeCLuizno8KlIZXZweWbLp5GzIl17ZWUPmu_NXr2kSfAS-sQGo100u74QvsJnearYge52d.html]
[www.irritime.com/ar/p-d-p-a.html]
[www.irritime.com/ar/privacy-policy.html]
[www.irritime.com/ar/terms-and-conditions.html]
[www.irritime.com/ar/cookie-policy.html]
[www.irritime.com/ar/corporate/decodeURIComponent(e.html]
[www.irritime.com/es/c.184.delayed]
[www.irritime.com/es/t.185.delayed]
[www.irritime.com/es/robots.186.delayed]
[www.irritime.com/es/sitemap.187.delayed]
[www.irritime.com/es/feed.188.delayed]
[www.irritime.com/es/decodeURIComponent(e.189.delayed]
[www.irritime.com/es/products.html]
[www.irritime.com/es/products/c.html]
[www.irritime.com/es/products/t.html]
[www.irritime.com/es/_files/ugd/Star%20-%20R.pdf_; filename_=UTF-8''Star%20-%20R08a5.pdf]
[www.irritime.com/es/_files/ugd/STAR-R%20-ESP.pdf_; filename_=UTF-8''STAR-R%20-ESP08a5.pdf]
[www.irritime.com/es/_files/ugd/pipe%20lp%20ES.pdf_; filename_=UTF-8''pipe%20lp%20ES08a5.pdf]
[www.irritime.com/es/_files/ugd/Star%20p.pdf_; filename_=UTF-8''Star%20p08a5.pdf]
[www.irritime.com/es/_files/ugd/STAR-P%20-ESP.pdf_; filename_=UTF-8''STAR-P%20-ESP08a5.pdf]
[www.irritime.com/es/_files/ugd/Star%20L.pdf_; filename_=UTF-8''Star%20L08a5.pdf]
[www.irritime.com/es/_files/ugd/STAR-l%20-ISP.pdf_; filename_=UTF-8''STAR-l%20-ISP08a5.pdf]
[www.irritime.com/es/_files/ugd/Star%20T.pdf_; filename_=UTF-8''Star%20T08a5.pdf]
[www.irritime.com/es/_files/ugd/STAR-T%20-%20ESP.pdf_; filename_=UTF-8''STAR-T%20-%20ESP08a5.pdf]
[www.irritime.com/es/_files/ugd/star-t%20lp%20ES.pdf_; filename_=UTF-8''star-t%20lp%20ES08a5.pdf]
[www.irritime.com/es/_files/ugd/Star%20S.pdf_; filename_=UTF-8''Star%20S08a5.pdf]
[www.irritime.com/es/_files/ugd/STAR-S%20-ESP.pdf_; filename_=UTF-8''STAR-S%20-ESP08a5.pdf]
[www.irritime.com/es/products/robots.html]
[www.irritime.com/es/products/sitemap.199.delayed]
[www.irritime.com/es/products/feed.19a.delayed]
[www.irritime.com/es/products/drip-irrigation-pipe.html]
[www.irritime.com/es/products/decodeURIComponent(e.html]
[static.wixstatic.com/media/d2bb1e_f69746c82fc24907be6817cee6f2f912_mv2.png/v1/crop/x_0,y_23,w_800,h_755/fill/w_353,h_333,al_c,q_85,usm_0.66_1.00_0.01,enc_avif,quality_auto/elf.png]
[www.irritime.com/es/_files/ugd/d2bb1e_d054def440d041ddad0ffbac60ac9d1808a5.pdf]
[www.irritime.com/es/_files/ugd/1-BASIN%C3%87%20AYARLI%20-%20%C4%B0SP.pdf_; filename_=UTF-8''1-BASIN%C3%87%20AYARLI%20-%20%C4%B0SP08a5.pdf]
[www.irritime.com/es/_files/ugd/Koli%20ESP.pdf_; filename_=UTF-8''Koli%20ESP08a5.pdf]
[www.irritime.com/es/_files/ugd/2-D%C3%9CZ%20DAMLATICI%20%C4%B0SP-s%C4%B1k%C4%B1%C5%9Ft%C4%B1r%C4%B1lm%C4%B1%C5%9F.pdf_; filename_=UTF-8''2-D%C3%9CZ%20DAMLATICI%20%C4%B0SP-s%C4%B1k%C4%B1%C5%9Ft%C4%B1]
[www.irritime.com/es/_files/ugd/Hat%20-%2070%20Teknik%20-%20%C4%B0SP-.pdf_; filename_=UTF-8''Hat%20-%2070%20Teknik%20-%20%C4%B0SP-08a5.pdf]
[www.irritime.com/es/_files/ugd/d2bb1e_b54dbf35447042a8b674e9e718c766ab08a5.pdf]
[www.irritime.com/es/_files/ugd/3-SAKSI%20SULAMA%20SETLER%C4%B0%20ESP1.pdf_; filename_=UTF-8''3-SAKSI%20SULAMA%20SETLER%C4%B0%20ESP108a5.pdf]
[www.irritime.com/es/_files/ugd/4-AKSESUARLAR%20%C4%B0SP-s%C4%B1k%C4%B1%C5%9Ft%C4%B1r%C4%B1lm%C4%B1%C5%9F.pdf_; filename_=UTF-8''4-AKSESUARLAR%20%C4%B0SP-s%C4%B1k%C4%B1%C5%9Ft%C4%B1r%C4%B1lm%C4%B1%C5]
[www.irritime.com/es/_files/ugd/accessories%20ES.pdf_; filename_=UTF-8''accessories%20ES08a5.pdf]
[www.irritime.com/es/products/drippers-and-accessories.html]
[www.irritime.com/es/_files/ugd/2-MINI%20VANALAR%20ISP-s%C4%B1k%C4%B1%C5%9Ft%C4%B1r%C4%B1lm%C4%B1%C5%9F.pdf_; filename_=UTF-8''2-MINI%20VANALAR%20ISP-s%C4%B1k%C4%B1%C5%9Ft%C4%B1r%C4%B1lm%C4%B1%C5%9F0]
[www.irritime.com/es/_files/ugd/3%20MINI%20Valves%20-%20%C4%B0SP.pdf_; filename_=UTF-8''3%20MINI%20Valves%20-%20%C4%B0SP08a5.pdf]
[www.irritime.com/es/_files/ugd/d2bb1e_c361f2ec465b4fdb92b1fec78cc16e4308a5.pdf]
[www.irritime.com/es/_files/ugd/d2bb1e_746b5ea306884e8c9651fe013d2b9df508a5.pdf]
[www.irritime.com/es/_files/ugd/d2bb1e_395fea80aa3b49da9724cb3a0fcf289308a5.pdf]
[www.irritime.com/es/_files/ugd/d2bb1e_e75904d8afb146709bd651eeb604ac1e.pdf]
[www.irritime.com/es/_files/ugd/d2bb1e_a64acfcd2e534f61b2b4029105a4043108a5.pdf]
[www.irritime.com/es/_files/ugd/4%20FITTINGS%20For%20Tape%20-%20ISP_Somun.pdf_; filename_=UTF-8''4%20FITTINGS%20For%20Tape%20-%20ISP_Somun08a5.pdf]
[www.irritime.com/es/products/drip-irrigation-fittings.html]
[www.irritime.com/es/_files/ugd/d2bb1e_f03908cdd4cc422c8f0d6b57968e21fd08a5.pdf]
[www.irritime.com/es/_files/ugd/Micro%20Sprink%20-%20ISP.pdf_; filename_=UTF-8''Micro%20Sprink%20-%20ISP08a5.pdf]
[www.irritime.com/es/products/micro-sprinkler.html]
[static.wixstatic.com/media/d2bb1e_325510c50dff49f589bdb12b01c11fad_mv2.png/v1/crop/x_86,y_144,w_1387,h_1275/fill/w_353,h_333,al_c,q_85,usm_0.66_1.00_0.01,enc_avif,quality_auto/plastik yeni.png]
[www.irritime.com/es/_files/ugd/d2bb1e_94b93a2b956b49eb9dc2b357b3a49c9c08a5.pdf]
[www.irritime.com/es/_files/ugd/Plastic%20Filters%20ES.pdf_; filename_=UTF-8''Plastic%20Filters%20ES08a5.pdf]
[www.irritime.com/es/_files/ugd/d2bb1e_b7bb412002d74270bb74f22c1255e5c208a5.pdf]
[www.irritime.com/es/products/filter-system.html]
[www.irritime.com/es/_files/ugd/d2bb1e_862b5189e7ad4835aa3a143aa01f539808a5.pdf]
[www.irritime.com/es/_files/ugd/PP%20S%C4%B0YAH%20PAR%C3%87ALAR%20-%20%C4%B0SP.pdf_; filename_=UTF-8''PP%20S%C4%B0YAH%20PAR%C3%87ALAR%20-%20%C4%B0SP08a5.pdf]
[www.irritime.com/es/_files/ugd/couplings%20ES.pdf_; filename_=UTF-8''couplings%20ES08a5.pdf]
[www.irritime.com/es/_files/ugd/kABL%C4%B0NLER%20-%20ES.pdf_; filename_=UTF-8''kABL%C4%B0NLER%20-%20ES08a5.pdf]
[www.irritime.com/es/_files/ugd/vanalar%20%C4%B0SP-s%C4%B1k%C4%B1%C5%9Ft%C4%B1r%C4%B1lm%C4%B1%C5%9F.pdf_; filename_=UTF-8''vanalar%20%C4%B0SP-s%C4%B1k%C4%B1%C5%9Ft%C4%B1r%C4%B1lm%C4%B1%C5%9F08a5.pdf]
[www.irritime.com/es/_files/ugd/Valves%20ES.pdf_; filename_=UTF-8''Valves%20ES08a5.pdf]
[www.irritime.com/es/products/pp-fittings.html]
[www.irritime.com/es/corporate/c.html]
[www.irritime.com/es/corporate/t.html]
[www.irritime.com/es/corporate/robots.html]
[www.irritime.com/es/corporate/sitemap.1bd.delayed]
[www.irritime.com/es/corporate/feed.1be.delayed]
[www.irritime.com/es/corporate/about-us.html]
[www.irritime.com/es/corporate/rd-and-innovation.html]
[www.irritime.com/es/corporate/quality-policy.html]
[www.irritime.com/es/corporate/sustainable-policy.html]
[www.irritime.com/es/corporate/marketing-and-global-presence.html]
[www.irritime.com/es/contact.html]
[www.irritime.com/es/corporate/decodeURIComponent(e.html]
[www.irritime.com/fr/c.1c0.delayed]
[www.irritime.com/fr/t.1c1.delayed]
[www.irritime.com/fr/robots.1c2.delayed]
[www.irritime.com/fr/sitemap.1c3.delayed]
[www.irritime.com/fr/feed.1c4.delayed]
[www.irritime.com/fr/decodeURIComponent(e.1c5.delayed]
[www.irritime.com/fr/products.html]
[www.irritime.com/fr/products/c.html]
[www.irritime.com/fr/products/t.html]
[www.irritime.com/fr/_files/ugd/Star%20-%20R.pdf_; filename_=UTF-8''Star%20-%20R08a5.pdf]
[www.irritime.com/fr/_files/ugd/STAR-R%20-FR.pdf_; filename_=UTF-8''STAR-R%20-FR.pdf]
[www.irritime.com/fr/_files/ugd/pipe%20EN.pdf_; filename_=UTF-8''pipe%20EN08a5.pdf]
[www.irritime.com/fr/_files/ugd/Star%20p.pdf_; filename_=UTF-8''Star%20p08a5.pdf]
[www.irritime.com/fr/_files/ugd/STAR-P%20-FR.pdf_; filename_=UTF-8''STAR-P%20-FR.pdf]
[www.irritime.com/fr/_files/ugd/Star%20L.pdf_; filename_=UTF-8''Star%20L08a5.pdf]
[www.irritime.com/fr/_files/ugd/STAR-L%20-%20FR.pdf_; filename_=UTF-8''STAR-L%20-%20FR.pdf]
[www.irritime.com/fr/_files/ugd/Star%20T.pdf_; filename_=UTF-8''Star%20T08a5.pdf]
[www.irritime.com/fr/_files/ugd/STAR-T%20-FR.pdf_; filename_=UTF-8''STAR-T%20-FR.pdf]
[www.irritime.com/fr/_files/ugd/star-t%20lp%20EN.pdf_; filename_=UTF-8''star-t%20lp%20EN08a5.pdf]
[www.irritime.com/fr/_files/ugd/Star%20S.pdf_; filename_=UTF-8''Star%20S08a5.pdf]
[www.irritime.com/fr/_files/ugd/STAR-S%20-FR.pdf_; filename_=UTF-8''STAR-S%20-FR.pdf]
[www.irritime.com/fr/products/robots.html]
[www.irritime.com/fr/products/sitemap.1d5.delayed]
[www.irritime.com/fr/products/feed.1d6.delayed]
[www.irritime.com/fr/products/drip-irrigation-pipe.html]
[www.irritime.com/fr/products/decodeURIComponent(e.html]
[www.irritime.com/fr/_files/ugd/1-BASIN%C3%87%20AYARLI%20-%20ENG.pdf_; filename_=UTF-8''1-BASIN%C3%87%20AYARLI%20-%20ENG08a5.pdf]
[www.irritime.com/fr/_files/ugd/ELF%20PC%20D%20-%20FR.pdf_; filename_=UTF-8''ELF%20PC%20D%20-%20FR.pdf]
[www.irritime.com/fr/_files/ugd/Koli%20-%20ENG.pdf_; filename_=UTF-8''Koli%20-%20ENG.pdf]
[www.irritime.com/fr/_files/ugd/D%C3%9CZ%20DAMLATICI%20-%20ENG.pdf_; filename_=UTF-8''D%C3%9CZ%20DAMLATICI%20-%20ENG08a5.pdf]
[www.irritime.com/fr/_files/ugd/HAT%20S-%20FR.pdf_; filename_=UTF-8''HAT%20S-%20FR.pdf]
[www.irritime.com/fr/_files/ugd/Koli%20-%20ENG.pdf_; filename_=UTF-8''Koli%20-%20ENG08a5.pdf]
[www.irritime.com/fr/_files/ugd/3-SAKSI%20SULAMA%20SETLER%C4%B0.pdf_; filename_=UTF-8''3-SAKSI%20SULAMA%20SETLER%C4%B008a5.pdf]
[www.irritime.com/fr/_files/ugd/BEYZ%20-%20FR.pdf_; filename_=UTF-8''BEYZ%20-%20FR.pdf]
[www.irritime.com/fr/_files/ugd/4-AKSESUARLAR-ENG.pdf_; filename_=UTF-8''4-AKSESUARLAR-ENG08a5.pdf]
[www.irritime.com/fr/_files/ugd/ACCESSORIES%20-%20FR.pdf_; filename_=UTF-8''ACCESSORIES%20-%20FR.pdf]
[www.irritime.com/fr/products/drippers-and-accessories.html]
[www.irritime.com/fr/_files/ugd/2-MINI%20VANALAR%20ENG.pdf_; filename_=UTF-8''2-MINI%20VANALAR%20ENG08a5.pdf]
[www.irritime.com/fr/_files/ugd/MINI%20VANA%20FR.pdf_; filename_=UTF-8''MINI%20VANA%20FR.pdf]
[www.irritime.com/fr/_files/ugd/d2bb1e_9e56e2370c8e4bbe9a339892aaa8af8c08a5.pdf]
[www.irritime.com/fr/_files/ugd/1%20BARBED%20Fittings%20FR.pdf_; filename_=UTF-8''1%20BARBED%20Fittings%20FR.pdf]
[www.irritime.com/fr/_files/ugd/Y%C3%9CZ%C3%9CKL%C3%9C%20EK%20PAR%C3%87ALARI-%20ENG.pdf_; filename_=UTF-8''Y%C3%9CZ%C3%9CKL%C3%9C%20EK%20PAR%C3%87ALARI-%20ENG08a5.pdf]
[www.irritime.com/fr/_files/ugd/4%20FITTINGS%20For%20Tape%20-%20FR_Y%C3%BCz%C3%BCk.pdf_; filename_=UTF-8''4%20FITTINGS%20For%20Tape%20-%20FR_Y%C3%BCz%C3%BCk.pdf]
[www.irritime.com/fr/_files/ugd/3-SOMUNLU%20EK%20PAR%C3%87ALARI-%20ENG.pdf_; filename_=UTF-8''3-SOMUNLU%20EK%20PAR%C3%87ALARI-%20ENG08a5.pdf]
[www.irritime.com/fr/_files/ugd/4%20FITTINGS%20For%20Tape%20-%20fr_SOMun-.pdf_; filename_=UTF-8''4%20FITTINGS%20For%20Tape%20-%20fr_SOMun-.pdf]
[www.irritime.com/fr/products/drip-irrigation-fittings.html]
[www.irritime.com/fr/_files/ugd/4-M%C4%B0CRO%20YA%C4%9EMURLAMA%20-%20ENG.pdf_; filename_=UTF-8''4-M%C4%B0CRO%20YA%C4%9EMURLAMA%20-%20ENG08a5.pdf]
[www.irritime.com/fr/_files/ugd/Micro%20Sprink%20-%20FR.pdf_; filename_=UTF-8''Micro%20Sprink%20-%20FR.pdf]
[www.irritime.com/fr/products/micro-sprinkler.html]
[www.irritime.com/fr/_files/ugd/1-PLAST%C4%B0K%20F%C4%B0LTRELER-ENG-s%C4%B1k%C4%B1%C5%9Ft%C4%B1r%C4%B1lm%C4%B1%C5%9F.pdf_; filename_=UTF-8''1-PLAST%C4%B0K%20F%C4%B0LTRELER-ENG-s%C4%B1k%C4%B1%C5%9Ft%C]
[www.irritime.com/fr/_files/ugd/Plastic%20Filter%20FR.pdf_; filename_=UTF-8''Plastic%20Filter%20FR.pdf]
[www.irritime.com/fr/_files/ugd/2-METAL%20F%C4%B0LTRELER%20-%20ENG-s%C4%B1k%C4%B1%C5%9Ft%C4%B1r%C4%B1lm%C4%B1%C5%9F.pdf_; filename_=UTF-8''2-METAL%20F%C4%B0LTRELER%20-%20ENG-s%C4%B1k%C4%B1%C5%9Ft%C4%]
[www.irritime.com/fr/products/filter-system.html]
[www.irritime.com/fr/_files/ugd/d2bb1e_897604b4c86243c69320422709855dc408a5.pdf]
[www.irritime.com/fr/_files/ugd/RACCORDS%20FILET%C3%89S-FR.pdf_; filename_=UTF-8''RACCORDS%20FILET%C3%89S-FR.pdf]
[www.irritime.com/fr/_files/ugd/couplings%20EN-s%C4%B1k%C4%B1%C5%9Ft%C4%B1r%C4%B1lm%C4%B1%C5%9F.pdf_; filename_=UTF-8''couplings%20EN-s%C4%B1k%C4%B1%C5%9Ft%C4%B1r%C4%B1lm%C4%B1%C5%9F08a5.pdf]
[www.irritime.com/fr/_files/ugd/COUPLINGS-FR.pdf_; filename_=UTF-8''COUPLINGS-FR.pdf]
[www.irritime.com/fr/_files/ugd/vanalar%20ENG.pdf_; filename_=UTF-8''vanalar%20ENG08a5.pdf]
[www.irritime.com/fr/_files/ugd/VANNES-FR.pdf_; filename_=UTF-8''VANNES-FR.pdf]
[www.irritime.com/fr/products/pp-fittings.html]
[www.irritime.com/fr/corporate/c.html]
[www.irritime.com/fr/corporate/t.html]
[www.irritime.com/fr/corporate/robots.html]
[www.irritime.com/fr/corporate/sitemap.1f8.delayed]
[www.irritime.com/fr/corporate/feed.1f9.delayed]
[www.irritime.com/fr/corporate/about-us.html]
[www.irritime.com/fr/corporate/rd-and-innovation.html]
[www.irritime.com/fr/corporate/quality-policy.html]
[www.irritime.com/fr/corporate/sustainable-policy.html]
[www.irritime.com/fr/corporate/decodeURIComponent(e.html]
[static.wixstatic.com/media/d2bb1e_d9a11ed10d37493eb90f779010ef1db2_mv2.jpg/v1/fill/w_980,h_663,al_c,q_85,usm_0.66_1.00_0.01,enc_avif,quality_auto/revize-fr.jpg]
[www.irritime.com/fr/corporate/marketing-and-global-presence.html]
[www.irritime.com/fr/contact.html]
[www.irritime.com/pt/c.1fc.delayed]
[www.irritime.com/pt/t.1fd.delayed]
[www.irritime.com/pt/robots.1fe.delayed]
[www.irritime.com/pt/sitemap.1ff.delayed]
[www.irritime.com/pt/feed.200.delayed]
[www.irritime.com/pt/decodeURIComponent(e.201.delayed]
[www.irritime.com/pt/products.html]
[www.irritime.com/pt/products/c.html]
[www.irritime.com/pt/products/t.html]
[www.irritime.com/pt/_files/ugd/Star%20-%20R.pdf_; filename_=UTF-8''Star%20-%20R08a5.pdf]
[www.irritime.com/pt/_files/ugd/STAR-R%20-PR-s%C4%B1k%C4%B1%C5%9Ft%C4%B1r%C4%B1lm%C4%B1%C5%9F.pdf_; filename_=UTF-8''STAR-R%20-PR-s%C4%B1k%C4%B1%C5%9Ft%C4%B1r%C4%B1lm%C4%B1%C5%9F08a5.pdf]
[www.irritime.com/pt/_files/ugd/pipe%20lp%20PT.pdf_; filename_=UTF-8''pipe%20lp%20PT08a5.pdf]
[www.irritime.com/pt/_files/ugd/Star%20p.pdf_; filename_=UTF-8''Star%20p08a5.pdf]
[www.irritime.com/pt/_files/ugd/STAR-P%20-PR-s%C4%B1k%C4%B1%C5%9Ft%C4%B1r%C4%B1lm%C4%B1%C5%9F.pdf_; filename_=UTF-8''STAR-P%20-PR-s%C4%B1k%C4%B1%C5%9Ft%C4%B1r%C4%B1lm%C4%B1%C5%9F08a5.pdf]
[www.irritime.com/pt/_files/ugd/Star%20L.pdf_; filename_=UTF-8''Star%20L08a5.pdf]
[www.irritime.com/pt/_files/ugd/STAR-L%20-PR-s%C4%B1k%C4%B1%C5%9Ft%C4%B1r%C4%B1lm%C4%B1%C5%9F.pdf_; filename_=UTF-8''STAR-L%20-PR-s%C4%B1k%C4%B1%C5%9Ft%C4%B1r%C4%B1lm%C4%B1%C5%9F08a5.pdf]
[www.irritime.com/pt/_files/ugd/Star%20T.pdf_; filename_=UTF-8''Star%20T08a5.pdf]
[www.irritime.com/pt/_files/ugd/STAR-T%20-PR-s%C4%B1k%C4%B1%C5%9Ft%C4%B1r%C4%B1lm%C4%B1%C5%9F.pdf_; filename_=UTF-8''STAR-T%20-PR-s%C4%B1k%C4%B1%C5%9Ft%C4%B1r%C4%B1lm%C4%B1%C5%9F08a5.pdf]
[www.irritime.com/pt/_files/ugd/star-t%20lp%20PT.pdf_; filename_=UTF-8''star-t%20lp%20PT08a5.pdf]
[www.irritime.com/pt/_files/ugd/Star%20S.pdf_; filename_=UTF-8''Star%20S08a5.pdf]
[www.irritime.com/pt/_files/ugd/STAR-S%20-PR-s%C4%B1k%C4%B1%C5%9Ft%C4%B1r%C4%B1lm%C4%B1%C5%9F.pdf_; filename_=UTF-8''STAR-S%20-PR-s%C4%B1k%C4%B1%C5%9Ft%C4%B1r%C4%B1lm%C4%B1%C5%9F08a5.pdf]
[www.irritime.com/pt/products/robots.html]
[www.irritime.com/pt/products/sitemap.211.delayed]
[www.irritime.com/pt/products/feed.212.delayed]
[www.irritime.com/pt/products/drip-irrigation-pipe.html]
[www.irritime.com/pt/products/decodeURIComponent(e.html]
[www.irritime.com/pt/_files/ugd/1-BASIN%C3%87%20AYARLI%20-%20POR-.pdf_; filename_=UTF-8''1-BASIN%C3%87%20AYARLI%20-%20POR-08a5.pdf]
[www.irritime.com/pt/_files/ugd/1-BASIN%C3%87%20AYARLI%20-%20POR.pdf_; filename_=UTF-8''1-BASIN%C3%87%20AYARLI%20-%20POR08a5.pdf]
[www.irritime.com/pt/_files/ugd/Koli%20-%20POR.pdf_; filename_=UTF-8''Koli%20-%20POR08a5.pdf]
[www.irritime.com/pt/_files/ugd/D%C3%9CZ%20DAMLATICI%20-%20PR.pdf_; filename_=UTF-8''D%C3%9CZ%20DAMLATICI%20-%20PR08a5.pdf]
[www.irritime.com/pt/_files/ugd/Hat%20-%2070%20Teknik%20-%20POR-s%C4%B1k%C4%B1%C5%9Ft%C4%B1r%C4%B1lm%C4%B1%C5%9F.pdf_; filename_=UTF-8''Hat%20-%2070%20Teknik%20-%20POR-s%C4%B1k%C4%B1%C5%9Ft%C4%B1r%C4]
[www.irritime.com/pt/_files/ugd/3-SAKSI%20SULAMA%20SETLER%C4%B0%20-%20PR-.pdf_; filename_=UTF-8''3-SAKSI%20SULAMA%20SETLER%C4%B0%20-%20PR-08a5.pdf]
[www.irritime.com/pt/_files/ugd/3-SAKSI%20SULAMA%20SETLER%C4%B0-POR.pdf_; filename_=UTF-8''3-SAKSI%20SULAMA%20SETLER%C4%B0-POR08a5.pdf]
[www.irritime.com/pt/_files/ugd/4-AKSESUARLAR%20-%20PR-.pdf_; filename_=UTF-8''4-AKSESUARLAR%20-%20PR-08a5.pdf]
[www.irritime.com/pt/_files/ugd/Accessories%20PR.pdf_; filename_=UTF-8''Accessories%20PR08a5.pdf]
[www.irritime.com/pt/products/drippers-and-accessories.html]
[www.irritime.com/pt/_files/ugd/2-MINI%20VANALAR%20POR.pdf_; filename_=UTF-8''2-MINI%20VANALAR%20POR08a5.pdf]
[www.irritime.com/pt/_files/ugd/3%20MINI%20Valves%20Por.pdf_; filename_=UTF-8''3%20MINI%20Valves%20Por08a5.pdf]
[www.irritime.com/pt/_files/ugd/d2bb1e_519673cc07a146389beb8653392618f608a5.pdf]
[www.irritime.com/pt/_files/ugd/1%20BARBED%20Fittings%20PR.pdf_; filename_=UTF-8''1%20BARBED%20Fittings%20PR08a5.pdf]
[www.irritime.com/pt/_files/ugd/4-Y%C3%9CZ%C3%9CKL%C3%9C%20EK%20PAR%C3%87ALARI%20-%20pr.pdf_; filename_=UTF-8''4-Y%C3%9CZ%C3%9CKL%C3%9C%20EK%20PAR%C3%87ALARI%20-%20pr08a5.pdf]
[www.irritime.com/pt/_files/ugd/4%20FITTINGS%20For%20Tape%20-%20POR_Y%C3%BCz%C3%BCk.pdf_; filename_=UTF-8''4%20FITTINGS%20For%20Tape%20-%20POR_Y%C3%BCz%C3%BCk08a5.pdf]
[www.irritime.com/pt/_files/ugd/3-SOMUNLU%20EK%20PAR%C3%87ALARI%20-%20pR.pdf_; filename_=UTF-8''3-SOMUNLU%20EK%20PAR%C3%87ALARI%20-%20pR08a5.pdf]
[www.irritime.com/pt/_files/ugd/4%20FITTINGS%20For%20Tape%20-%20POR_Somun-.pdf_; filename_=UTF-8''4%20FITTINGS%20For%20Tape%20-%20POR_Somun-08a5.pdf]
[www.irritime.com/pt/products/drip-irrigation-fittings.html]
[www.irritime.com/pt/_files/ugd/4-M%C4%B0CRO%20YA%C4%9EMURLAMA%20-%20pr.pdf_; filename_=UTF-8''4-M%C4%B0CRO%20YA%C4%9EMURLAMA%20-%20pr08a5.pdf]
[www.irritime.com/pt/_files/ugd/Micro%20Sprink%20-%20POR-s%C4%B1k%C4%B1%C5%9Ft%C4%B1r%C4%B1lm%C4%B1%C5%9F.pdf_; filename_=UTF-8''Micro%20Sprink%20-%20POR-s%C4%B1k%C4%B1%C5%9Ft%C4%B1r%C4%B1lm%C4%B1%C5]
[www.irritime.com/pt/products/micro-sprinkler.html]
[www.irritime.com/pt/_files/ugd/1-PLAST%C4%B0K%20F%C4%B0LTRELER%20-%20PR.pdf_; filename_=UTF-8''1-PLAST%C4%B0K%20F%C4%B0LTRELER%20-%20PR08a5.pdf]
[www.irritime.com/pt/_files/ugd/plastic%20filter%20PT.pdf_; filename_=UTF-8''plastic%20filter%20PT08a5.pdf]
[www.irritime.com/pt/_files/ugd/2-METAL%20F%C4%B0LTRELER%20-%20PR.pdf_; filename_=UTF-8''2-METAL%20F%C4%B0LTRELER%20-%20PR08a5.pdf]
[www.irritime.com/pt/products/filter-system.html]
[www.irritime.com/pt/_files/ugd/d2bb1e_b485c91cf1744972a0560aed7afda2a908a5.pdf]
[www.irritime.com/pt/_files/ugd/Di%C5%9Fli%20Ek%20Par%C3%A7alar%20-%20POR.pdf_; filename_=UTF-8''Di%C5%9Fli%20Ek%20Par%C3%A7alar%20-%20POR08a5.pdf]
[www.irritime.com/pt/_files/ugd/couplings%20PT-s%C4%B1k%C4%B1%C5%9Ft%C4%B1r%C4%B1lm%C4%B1%C5%9F.pdf_; filename_=UTF-8''couplings%20PT-s%C4%B1k%C4%B1%C5%9Ft%C4%B1r%C4%B1lm%C4%B1%C5%9F08a5.pdf]
[www.irritime.com/pt/_files/ugd/kABL%C4%B0NLER%20-%20POR.pdf_; filename_=UTF-8''kABL%C4%B0NLER%20-%20POR08a5.pdf]
[www.irritime.com/pt/_files/ugd/vanalar%20ve%20kutusu%20port-s%C4%B1k%C4%B1%C5%9Ft%C4%B1r%C4%B1lm%C4%B1%C5%9F.pdf_; filename_=UTF-8''vanalar%20ve%20kutusu%20port-s%C4%B1k%C4%B1%C5%9Ft%C4%B1r%C4%B1lm%]
[www.irritime.com/pt/_files/ugd/Valves%20PT.pdf_; filename_=UTF-8''Valves%20PT08a5.pdf]
[www.irritime.com/pt/products/pp-fittings.html]
[www.irritime.com/pt/corporate/c.html]
[www.irritime.com/pt/corporate/t.html]
[www.irritime.com/pt/corporate/robots.html]
[www.irritime.com/pt/corporate/sitemap.233.delayed]
[www.irritime.com/pt/corporate/feed.234.delayed]
[www.irritime.com/pt/corporate/about-us.html]
[www.irritime.com/pt/corporate/rd-and-innovation.html]
[www.irritime.com/pt/corporate/quality-policy.html]
[www.irritime.com/pt/corporate/sustainable-policy.html]
[www.irritime.com/pt/corporate/marketing-and-global-presence.html]
[www.irritime.com/pt/contact.html]
[www.irritime.com/pt/p-d-p-a.html]
[www.irritime.com/pt/privacy-policy.html]
[www.irritime.com/pt/terms-and-conditions.html]
[www.irritime.com/pt/cookie-policy.html]
[www.irritime.com/pt/corporate/decodeURIComponent(e.html]
[www.irritime.com/ru/c.236.delayed]
[www.irritime.com/ru/t.237.delayed]
[www.irritime.com/ru/robots.238.delayed]
[www.irritime.com/ru/sitemap.239.delayed]
[www.irritime.com/ru/feed.23a.delayed]
[www.irritime.com/ru/decodeURIComponent(e.23b.delayed]
[www.irritime.com/ru/products.html]
[www.irritime.com/ru/products/c.html]
[www.irritime.com/ru/products/t.html]
[www.irritime.com/ru/_files/ugd/STAR%20R.pdf_; filename_=UTF-8''STAR%20R08a5.pdf]
[www.irritime.com/ru/_files/ugd/STAR-R%20-RUS-s%C4%B1k%C4%B1%C5%9Ft%C4%B1r%C4%B1lm%C4%B1%C5%9F.pdf_; filename_=UTF-8''STAR-R%20-RUS-s%C4%B1k%C4%B1%C5%9Ft%C4%B1r%C4%B1lm%C4%B1%C5%9F08a5.pdf]
[www.irritime.com/ru/_files/ugd/pipe%20lp%20RU.pdf_; filename_=UTF-8''pipe%20lp%20RU08a5.pdf]
[www.irritime.com/ru/_files/ugd/STAR%20P.pdf_; filename_=UTF-8''STAR%20P08a5.pdf]
[www.irritime.com/ru/_files/ugd/STAR-P%20-RUS-s%C4%B1k%C4%B1%C5%9Ft%C4%B1r%C4%B1lm%C4%B1%C5%9F.pdf_; filename_=UTF-8''STAR-P%20-RUS-s%C4%B1k%C4%B1%C5%9Ft%C4%B1r%C4%B1lm%C4%B1%C5%9F08a5.pdf]
[www.irritime.com/ru/_files/ugd/STAR%20L.pdf_; filename_=UTF-8''STAR%20L08a5.pdf]
[www.irritime.com/ru/_files/ugd/STAR-l%20-RUS-s%C4%B1k%C4%B1%C5%9Ft%C4%B1r%C4%B1lm%C4%B1%C5%9F.pdf_; filename_=UTF-8''STAR-l%20-RUS-s%C4%B1k%C4%B1%C5%9Ft%C4%B1r%C4%B1lm%C4%B1%C5%9F08a5.pdf]
[www.irritime.com/ru/_files/ugd/STAR%20T.pdf_; filename_=UTF-8''STAR%20T08a5.pdf]
[www.irritime.com/ru/_files/ugd/STAR-T%20-RUS-s%C4%B1k%C4%B1%C5%9Ft%C4%B1r%C4%B1lm%C4%B1%C5%9F.pdf_; filename_=UTF-8''STAR-T%20-RUS-s%C4%B1k%C4%B1%C5%9Ft%C4%B1r%C4%B1lm%C4%B1%C5%9F08a5.pdf]
[www.irritime.com/ru/_files/ugd/star-t%20lp%20RU.pdf_; filename_=UTF-8''star-t%20lp%20RU08a5.pdf]
[www.irritime.com/ru/_files/ugd/STAR%20S.pdf_; filename_=UTF-8''STAR%20S08a5.pdf]
[www.irritime.com/ru/_files/ugd/STAR-S%20-RUS-s%C4%B1k%C4%B1%C5%9Ft%C4%B1r%C4%B1lm%C4%B1%C5%9F.pdf_; filename_=UTF-8''STAR-S%20-RUS-s%C4%B1k%C4%B1%C5%9Ft%C4%B1r%C4%B1lm%C4%B1%C5%9F08a5.pdf]
[www.irritime.com/ru/products/robots.html]
[www.irritime.com/ru/products/sitemap.24b.delayed]
[www.irritime.com/ru/products/feed.24c.delayed]
[www.irritime.com/ru/products/drip-irrigation-pipe.html]
[www.irritime.com/ru/products/decodeURIComponent(e.html]
[www.irritime.com/ru/_files/ugd/1-BASIN%C3%87%20AYARLI%20-%20RUS-s%C4%B1k%C4%B1%C5%9Ft%C4%B1r%C4%B1lm%C4%B1%C5%9F_2.pdf_; filename_=UTF-8''1-BASIN%C3%87%20AYARLI%20-%20RUS-s%C4%B1k%C4%B1%C5%9Ft%C4%B1]
[www.irritime.com/ru/_files/ugd/1-BASIN%C3%87%20AYARLI%20-%20RUS.pdf_; filename_=UTF-8''1-BASIN%C3%87%20AYARLI%20-%20RUS08a5.pdf]
[www.irritime.com/ru/_files/ugd/Koli%20-%20RUS.pdf_; filename_=UTF-8''Koli%20-%20RUS08a5.pdf]
[www.irritime.com/ru/_files/ugd/2-D%C3%9CZ%20DAMLATICI%20rus-s%C4%B1k%C4%B1%C5%9Ft%C4%B1r%C4%B1lm%C4%B1%C5%9F_1.pdf_; filename_=UTF-8''2-D%C3%9CZ%20DAMLATICI%20rus-s%C4%B1k%C4%B1%C5%9Ft%C4%B1r%C4%B1l]
[www.irritime.com/ru/_files/ugd/Hat%2070%20Teknik%20RUS-s%C4%B1k%C4%B1%C5%9Ft%C4%B1r%C4%B1lm%C4%B1%C5%9F_1.pdf_; filename_=UTF-8''Hat%2070%20Teknik%20RUS-s%C4%B1k%C4%B1%C5%9Ft%C4%B1r%C4%B1lm%C4%B1%C5]
[www.irritime.com/ru/_files/ugd/d2bb1e_ec46a7476ac64f19b95918afd9b1e30c08a5.pdf]
[www.irritime.com/ru/_files/ugd/d2bb1e_faec689b18d34a369e6b2b49f131f63f08a5.pdf]
[www.irritime.com/ru/_files/ugd/4-AKSESUARLAR%20-%20RUS-s%C4%B1k%C4%B1%C5%9Ft%C4%B1r%C4%B1lm%C4%B1%C5%9F.pdf_; filename_=UTF-8''4-AKSESUARLAR%20-%20RUS-s%C4%B1k%C4%B1%C5%9Ft%C4%B1r%C4%B1lm%C4%B1%C5%9]
[www.irritime.com/ru/_files/ugd/accessories%20ru.pdf_; filename_=UTF-8''accessories%20ru08a5.pdf]
[www.irritime.com/ru/products/drippers-and-accessories.html]
[www.irritime.com/ru/_files/ugd/2-MINI%20VANALAR%20-%20RUS-s%C4%B1k%C4%B1%C5%9Ft%C4%B1r%C4%B1lm%C4%B1%C5%9F.pdf_; filename_=UTF-8''2-MINI%20VANALAR%20-%20RUS-s%C4%B1k%C4%B1%C5%9Ft%C4%B1r%C4%B1lm%C4%B]
[www.irritime.com/ru/_files/ugd/Mini%20vana%20rus-s%C4%B1k%C4%B1%C5%9Ft%C4%B1r%C4%B1lm%C4%B1%C5%9F.pdf_; filename_=UTF-8''Mini%20vana%20rus-s%C4%B1k%C4%B1%C5%9Ft%C4%B1r%C4%B1lm%C4%B1%C5%9F08a5.pdf]
[www.irritime.com/ru/_files/ugd/d2bb1e_3bdf24af82c245c6ab09df5439dfa3af08a5.pdf]
[www.irritime.com/ru/_files/ugd/1%20BARBED%20Fittings%20RUS-s%C4%B1k%C4%B1%C5%9Ft%C4%B1r%C4%B1lm%C4%B1%C5%9F_1.pdf_; filename_=UTF-8''1%20BARBED%20Fittings%20RUS-s%C4%B1k%C4%B1%C5%9Ft%C4%B1r%C4%B1lm%]
[www.irritime.com/ru/_files/ugd/d2bb1e_2fe508577d854d47b687c0c489c4b1fc08a5.pdf]
[www.irritime.com/ru/_files/ugd/pressed%20fittigs%20RU_; filename_=UTF-8''pressed%20fittigs%20RU08a5]
[www.irritime.com/ru/_files/ugd/d2bb1e_261e3036ae2f41f7926ee22d57b8138d08a5.pdf]
[www.irritime.com/ru/_files/ugd/4%20FITTINGS%20For%20Tape%20-%20RUS_Somun.pdf_; filename_=UTF-8''4%20FITTINGS%20For%20Tape%20-%20RUS_Somun08a5.pdf]
[www.irritime.com/ru/products/drip-irrigation-fittings.html]
[www.irritime.com/ru/_files/ugd/d2bb1e_4c96e834621c4844b13de62fcee954de08a5.pdf]
[www.irritime.com/ru/_files/ugd/Micro%20Sprink%20-%20RUS-s%C4%B1k%C4%B1%C5%9Ft%C4%B1r%C4%B1lm%C4%B1%C5%9F_1.pdf_; filename_=UTF-8''Micro%20Sprink%20-%20RUS-s%C4%B1k%C4%B1%C5%9Ft%C4%B1r%C4%B1lm%C4%B1%]
[www.irritime.com/ru/products/micro-sprinkler.html]
[www.irritime.com/ru/_files/ugd/d2bb1e_1728675d746042c8b90bfc118a13784308a5.pdf]
[www.irritime.com/ru/_files/ugd/Plastic%20Filter%20TU.pdf_; filename_=UTF-8''Plastic%20Filter%20TU08a5.pdf]
[www.irritime.com/ru/_files/ugd/2-METAL%20F%C4%B0LTRELER%20-%20RUS-s%C4%B1k%C4%B1%C5%9Ft%C4%B1r%C4%B1lm%C4%B1%C5%9F.pdf_; filename_=UTF-8''2-METAL%20F%C4%B0LTRELER%20-%20RUS-s%C4%B1k%C4%B1%C5%9Ft%C4%]
[www.irritime.com/ru/products/filter-system.html]
[www.irritime.com/ru/_files/ugd/d2bb1e_a1f82b59815544429e066fab393f072408a5.pdf]
[www.irritime.com/ru/_files/ugd/d2bb1e_edab9ace54be43958d1956cd1d56d65b08a5.pdf]
[www.irritime.com/ru/_files/ugd/couplings%20RU.pdf_; filename_=UTF-8''couplings%20RU08a5.pdf]
[www.irritime.com/ru/_files/ugd/kABL%C4%B0NLER%20-%20RUS-s%C4%B1k%C4%B1%C5%9Ft%C4%B1r%C4%B1lm%C4%B1%C5%9F_1.pdf_; filename_=UTF-8''kABL%C4%B0NLER%20-%20RUS-s%C4%B1k%C4%B1%C5%9Ft%C4%B1r%C4%B1lm%C4%B1%]
[www.irritime.com/ru/_files/ugd/vanalar%20RUS-s%C4%B1k%C4%B1%C5%9Ft%C4%B1r%C4%B1lm%C4%B1%C5%9F.pdf_; filename_=UTF-8''vanalar%20RUS-s%C4%B1k%C4%B1%C5%9Ft%C4%B1r%C4%B1lm%C4%B1%C5%9F08a5.pdf]
[www.irritime.com/ru/_files/ugd/Valves%20RU.pdf_; filename_=UTF-8''Valves%20RU08a5.pdf]
[www.irritime.com/ru/products/pp-fittings.html]
[www.irritime.com/ru/corporate/c.html]
[www.irritime.com/ru/corporate/t.html]
[www.irritime.com/ru/corporate/robots.html]
[www.irritime.com/ru/corporate/sitemap.26d.delayed]
[www.irritime.com/ru/corporate/feed.26e.delayed]
[www.irritime.com/ru/corporate/about-us.html]
[www.irritime.com/ru/corporate/rd-and-innovation.html]
[www.irritime.com/ru/corporate/quality-policy.html]
[www.irritime.com/ru/corporate/sustainable-policy.html]
[www.irritime.com/ru/corporate/marketing-and-global-presence.html]
[www.irritime.com/ru/contact.html]
[www.irritime.com/ru/corporate/decodeURIComponent(e.html]
[www.irritime.com/tr/c.270.delayed]
[www.irritime.com/tr/t.271.delayed]
[www.irritime.com/tr/robots.272.delayed]
[www.irritime.com/tr/sitemap.273.delayed]
[www.irritime.com/tr/feed.274.delayed]
[www.irritime.com/tr/decodeURIComponent(e.275.delayed]
[www.irritime.com/tr/products.html]
[www.irritime.com/tr/products/c.html]
[www.irritime.com/tr/products/t.html]
[www.irritime.com/tr/_files/ugd/Star%20-%20R.pdf_; filename_=UTF-8''Star%20-%20R08a5.pdf]
[www.irritime.com/tr/_files/ugd/STAR-R%20-TR.pdf_; filename_=UTF-8''STAR-R%20-TR08a5.pdf]
[www.irritime.com/tr/_files/ugd/pipe%20lp%20TR.pdf_; filename_=UTF-8''pipe%20lp%20TR08a5.pdf]
[www.irritime.com/tr/_files/ugd/Star%20p.pdf_; filename_=UTF-8''Star%20p08a5.pdf]
[www.irritime.com/tr/_files/ugd/STAR-P%20-TR.pdf_; filename_=UTF-8''STAR-P%20-TR08a5.pdf]
[www.irritime.com/tr/_files/ugd/Star%20L.pdf_; filename_=UTF-8''Star%20L08a5.pdf]
[www.irritime.com/tr/_files/ugd/STAR-l%20-TR.pdf_; filename_=UTF-8''STAR-l%20-TR08a5.pdf]
[www.irritime.com/tr/_files/ugd/Star%20T.pdf_; filename_=UTF-8''Star%20T08a5.pdf]
[www.irritime.com/tr/_files/ugd/STAR-T%20-TR.pdf_; filename_=UTF-8''STAR-T%20-TR08a5.pdf]
[www.irritime.com/tr/_files/ugd/star-t%20lp%20TR.pdf_; filename_=UTF-8''star-t%20lp%20TR08a5.pdf]
[www.irritime.com/tr/_files/ugd/Star%20S.pdf_; filename_=UTF-8''Star%20S08a5.pdf]
[www.irritime.com/tr/_files/ugd/STAR-S%20-TR.pdf_; filename_=UTF-8''STAR-S%20-TR08a5.pdf]
[www.irritime.com/tr/products/robots.html]
[www.irritime.com/tr/products/sitemap.285.delayed]
[www.irritime.com/tr/products/feed.286.delayed]
[www.irritime.com/tr/products/drip-irrigation-pipe.html]
[www.irritime.com/tr/products/decodeURIComponent(e.html]
[www.irritime.com/tr/_files/ugd/1-BASIN%C3%87%20AYARLI%20-%20TR.pdf_; filename_=UTF-8''1-BASIN%C3%87%20AYARLI%20-%20TR08a5.pdf]
[www.irritime.com/tr/_files/ugd/1-BASIN%C3%87%20AYARLI%20-%20TR.pdf_; filename_=UTF-8''1-BASIN%C3%87%20AYARLI%20-%20TR08a5-2.pdf]
[www.irritime.com/tr/_files/ugd/Koli%20-%20tr.pdf_; filename_=UTF-8''Koli%20-%20tr08a5.pdf]
[static.wixstatic.com/media/d2bb1e_802591638e0b4b9eb605e03b2c56adef_mv2.png/v1/fill/w_353,h_333,al_c,q_85,usm_0.66_1.00_0.01,enc_avif,quality_auto/21_edited.png]
[www.irritime.com/tr/_files/ugd/2-D%C3%9CZ%20DAMLATICI%20TR.pdf_; filename_=UTF-8''2-D%C3%9CZ%20DAMLATICI%20TR08a5.pdf]
[www.irritime.com/tr/_files/ugd/Hat%20%C3%9Cst%C3%BC%20-%20TR.pdf_; filename_=UTF-8''Hat%20%C3%9Cst%C3%BC%20-%20TR08a5.pdf]
[static.wixstatic.com/media/d2bb1e_76c3f534e72c460fb0fb33c2e59593bb_mv2.png/v1/fill/w_353,h_333,al_c,q_85,usm_0.66_1.00_0.01,enc_avif,quality_auto/Başlıksız-1.png]
[www.irritime.com/tr/_files/ugd/3-SAKSI%20SULAMA%20SETLER%C4%B0%20-%20TR.pdf_; filename_=UTF-8''3-SAKSI%20SULAMA%20SETLER%C4%B0%20-%20TR08a5.pdf]
[www.irritime.com/tr/_files/ugd/3-SAKSI%20SULAMA%20SETLER%C4%B0%20-%20TR.pdf_; filename_=UTF-8''3-SAKSI%20SULAMA%20SETLER%C4%B0%20-%20TR08a5-2.pdf]
[static.wixstatic.com/media/d2bb1e_4e1a1f4c58694e4bbf277958835dafdb_mv2.png/v1/fill/w_353,h_333,al_c,q_85,usm_0.66_1.00_0.01,enc_avif,quality_auto/aksesuarlar.png]
[www.irritime.com/tr/_files/ugd/4-AKSESUARLAR-TR.pdf_; filename_=UTF-8''4-AKSESUARLAR-TR08a5.pdf]
[www.irritime.com/tr/_files/ugd/accessories%20tr.pdf_; filename_=UTF-8''accessories%20tr08a5.pdf]
[www.irritime.com/tr/products/drippers-and-accessories.html]
[www.irritime.com/tr/_files/ugd/2-MINI%20VANALAR%20TR.pdf_; filename_=UTF-8''2-MINI%20VANALAR%20TR08a5.pdf]
[www.irritime.com/tr/_files/ugd/MINI%20VANA%20TR.pdf_; filename_=UTF-8''MINI%20VANA%20TR08a5.pdf]
[www.irritime.com/tr/_files/ugd/d2bb1e_ce73ffb76eb2431fa67d6d3aeb8fcd7508a5.pdf]
[www.irritime.com/tr/_files/ugd/1%20BARBED%20FittingsTR.pdf_; filename_=UTF-8''1%20BARBED%20FittingsTR08a5.pdf]
[www.irritime.com/tr/_files/ugd/4-Y%C3%9CZ%C3%9CKL%C3%9C%20EK%20PAR%C3%87ALARI.pdf_; filename_=UTF-8''4-Y%C3%9CZ%C3%9CKL%C3%9C%20EK%20PAR%C3%87ALARI08a5.pdf]
[www.irritime.com/tr/_files/ugd/4%20FITTINGS%20For%20Tape%20-%20TR_Y%C3%BCz%C3%BCk-.pdf_; filename_=UTF-8''4%20FITTINGS%20For%20Tape%20-%20TR_Y%C3%BCz%C3%BCk-08a5.pdf]
[www.irritime.com/tr/_files/ugd/3-SOMUNLU%20EK%20PAR%C3%87ALARI-%20TR.pdf_; filename_=UTF-8''3-SOMUNLU%20EK%20PAR%C3%87ALARI-%20TR08a5.pdf]
[www.irritime.com/tr/_files/ugd/4%20FITTINGS%20For%20Tape%20-%20TR_Somun.pdf_; filename_=UTF-8''4%20FITTINGS%20For%20Tape%20-%20TR_Somun08a5.pdf]
[www.irritime.com/tr/products/drip-irrigation-fittings.html]
[www.irritime.com/tr/_files/ugd/4-M%C4%B0CRO%20YA%C4%9EMURLAMA.pdf_; filename_=UTF-8''4-M%C4%B0CRO%20YA%C4%9EMURLAMA08a5.pdf]
[www.irritime.com/tr/_files/ugd/Micro%20Sprink%20-%20TR.pdf_; filename_=UTF-8''Micro%20Sprink%20-%20TR08a5.pdf]
[www.irritime.com/tr/products/micro-sprinkler.html]
[www.irritime.com/tr/_files/ugd/1-PLAST%C4%B0K%20F%C4%B0LTRELER%20TR-s%C4%B1k%C4%B1%C5%9Ft%C4%B1r%C4%B1lm%C4%B1%C5%9F.pdf_; filename_=UTF-8''1-PLAST%C4%B0K%20F%C4%B0LTRELER%20TR-s%C4%B1k%C4%B1%C5%9Ft]
[www.irritime.com/tr/_files/ugd/Plastik%20Filtre%20TR.pdf_; filename_=UTF-8''Plastik%20Filtre%20TR08a5.pdf]
[www.irritime.com/tr/_files/ugd/2-METAL%20F%C4%B0LTRELER%20-%20TR-s%C4%B1k%C4%B1%C5%9Ft%C4%B1r%C4%B1lm%C4%B1%C5%9F.pdf_; filename_=UTF-8''2-METAL%20F%C4%B0LTRELER%20-%20TR-s%C4%B1k%C4%B1%C5%9Ft%C4%B1]
[www.irritime.com/tr/products/filter-system.html]
[www.irritime.com/tr/_files/ugd/PP%20S%C4%B0YAH%20PAR%C3%87ALAR-TR.pdf_; filename_=UTF-8''PP%20S%C4%B0YAH%20PAR%C3%87ALAR-TR08a5.pdf]
[www.irritime.com/tr/_files/ugd/Di%C5%9Fli%20Ek%20Par%C3%A7alar%20-%20TR.pdf_; filename_=UTF-8''Di%C5%9Fli%20Ek%20Par%C3%A7alar%20-%20TR08a5.pdf]
[static.wixstatic.com/media/d2bb1e_26bc632125cb465cb5122d0545366ccf_mv2.png/v1/fill/w_353,h_333,al_c,q_85,usm_0.66_1.00_0.01,enc_avif,quality_auto/kablin grubu.png]
[www.irritime.com/tr/_files/ugd/Couplings%20TR.pdf_; filename_=UTF-8''Couplings%20TR08a5.pdf]
[www.irritime.com/tr/_files/ugd/kABL%C4%B0NLER%20-%20TR.pdf_; filename_=UTF-8''kABL%C4%B0NLER%20-%20TR08a5.pdf]
[www.irritime.com/tr/_files/ugd/vanalar%20TR.pdf_; filename_=UTF-8''vanalar%20TR08a5.pdf]
[www.irritime.com/tr/_files/ugd/Valves%20TR.pdf_; filename_=UTF-8''Valves%20TR08a5.pdf]
[www.irritime.com/tr/products/pp-fittings.html]
[www.irritime.com/tr/corporate/c.html]
[www.irritime.com/tr/corporate/t.html]
[www.irritime.com/tr/corporate/robots.html]
[www.irritime.com/tr/corporate/sitemap.2ab.delayed]
[www.irritime.com/tr/corporate/feed.2ac.delayed]
[www.irritime.com/tr/corporate/about-us.html]
[www.irritime.com/tr/corporate/rd-and-innovation.html]
[www.irritime.com/tr/corporate/quality-policy.html]
[www.irritime.com/tr/corporate/sustainable-policy.html]
[www.irritime.com/tr/corporate/marketing-and-global-presence.html]
[www.irritime.com/tr/contact.html]
[www.irritime.com/products/c.html]
[www.irritime.com/products/t.html]
[www.irritime.com/products/robots.html]
[www.irritime.com/products/sitemap.html]
[www.irritime.com/products/feed.html]
[www.irritime.com/products/decodeURIComponent(e.html]
[www.irritime.com/corporate/c.html]
[www.irritime.com/corporate/t.html]
[www.irritime.com/corporate/robots.html]
[www.irritime.com/corporate/sitemap.html]
[www.irritime.com/corporate/feed.html]
[www.irritime.com/corporate/decodeURIComponent(e.html]
[www.irritime.com/es/p-d-p-a.html]
[www.irritime.com/fr/p-d-p-a.html]
[www.irritime.com/ru/p-d-p-a.html]
[www.irritime.com/tr/p-d-p-a.html]
[www.irritime.com/es/privacy-policy.html]
[www.irritime.com/fr/privacy-policy.html]
[www.irritime.com/ru/privacy-policy.html]
[www.irritime.com/tr/privacy-policy.html]
[www.irritime.com/es/terms-and-conditions.html]
[www.irritime.com/fr/terms-and-conditions.html]
[www.irritime.com/ru/terms-and-conditions.html]
[www.irritime.com/tr/terms-and-conditions.html]
[www.irritime.com/es/cookie-policy.html]
[www.irritime.com/fr/cookie-policy.html]
[www.irritime.com/ru/cookie-policy.html]
[www.irritime.com/tr/cookie-policy.html]
[www.irritime.com/ar/c.html]
[www.irritime.com/ar/t.html]
[www.irritime.com/ar/robots.html]
[www.irritime.com/ar/sitemap.html]
[www.irritime.com/ar/feed.html]
[www.irritime.com/ar/decodeURIComponent(e.html]
[www.irritime.com/ar/products/c.html]
[www.irritime.com/ar/products/t.html]
[www.irritime.com/ar/products/robots.html]
[www.irritime.com/ar/products/sitemap.html]
[www.irritime.com/ar/products/feed.html]
[www.irritime.com/ar/products/decodeURIComponent(e.html]
[www.irritime.com/ar/corporate/c.html]
[www.irritime.com/ar/corporate/t.html]
[www.irritime.com/ar/corporate/robots.html]
[www.irritime.com/ar/corporate/sitemap.html]
[www.irritime.com/ar/corporate/feed.html]
[www.irritime.com/ar/corporate/decodeURIComponent(e.html]
[www.irritime.com/es/c.html]
[www.irritime.com/es/t.html]
[www.irritime.com/es/robots.html]
[www.irritime.com/es/sitemap.html]
[www.irritime.com/es/feed.html]
[www.irritime.com/es/decodeURIComponent(e.html]
[www.irritime.com/es/products/c.html]
[www.irritime.com/es/products/t.html]
[www.irritime.com/es/products/robots.html]
[www.irritime.com/es/products/sitemap.html]
[www.irritime.com/es/products/feed.html]
[www.irritime.com/es/products/decodeURIComponent(e.html]
[www.irritime.com/es/corporate/c.html]
[www.irritime.com/es/corporate/t.html]
[www.irritime.com/es/corporate/robots.html]
[www.irritime.com/es/corporate/sitemap.html]
[www.irritime.com/es/corporate/feed.html]
[www.irritime.com/es/corporate/decodeURIComponent(e.html]
[www.irritime.com/fr/c.html]
[www.irritime.com/fr/t.html]
[www.irritime.com/fr/robots.html]
[www.irritime.com/fr/sitemap.html]
[www.irritime.com/fr/feed.html]
[www.irritime.com/fr/decodeURIComponent(e.html]
[www.irritime.com/fr/products/c.html]
[www.irritime.com/fr/products/t.html]
[www.irritime.com/fr/products/robots.html]
[www.irritime.com/fr/products/sitemap.html]
[www.irritime.com/fr/products/feed.html]
[www.irritime.com/fr/products/decodeURIComponent(e.html]
[www.irritime.com/fr/corporate/c.html]
[www.irritime.com/fr/corporate/t.html]
[www.irritime.com/fr/corporate/robots.html]
[www.irritime.com/fr/corporate/sitemap.html]
[www.irritime.com/fr/corporate/feed.html]
[www.irritime.com/fr/corporate/decodeURIComponent(e.html]
[www.irritime.com/pt/c.html]
[www.irritime.com/pt/t.html]
[www.irritime.com/pt/robots.html]
[www.irritime.com/pt/sitemap.html]
[www.irritime.com/pt/feed.html]
[www.irritime.com/pt/decodeURIComponent(e.html]
[www.irritime.com/pt/products/c.html]
[www.irritime.com/pt/products/t.html]
[www.irritime.com/pt/products/robots.html]
[www.irritime.com/pt/products/sitemap.html]
[www.irritime.com/pt/products/feed.html]
[www.irritime.com/pt/products/decodeURIComponent(e.html]
[www.irritime.com/pt/corporate/c.html]
[www.irritime.com/pt/corporate/t.html]
[www.irritime.com/pt/corporate/robots.html]
[www.irritime.com/pt/corporate/sitemap.html]
[www.irritime.com/pt/corporate/feed.html]
[www.irritime.com/pt/corporate/decodeURIComponent(e.html]
[www.irritime.com/ru/c.html]
[www.irritime.com/ru/t.html]
[www.irritime.com/ru/robots.html]
[www.irritime.com/ru/sitemap.html]
[www.irritime.com/ru/feed.html]
[www.irritime.com/ru/decodeURIComponent(e.html]
[www.irritime.com/ru/products/c.html]
[www.irritime.com/ru/products/t.html]
[www.irritime.com/ru/products/robots.html]
[www.irritime.com/ru/products/sitemap.html]
[www.irritime.com/ru/products/feed.html]
[www.irritime.com/ru/products/decodeURIComponent(e.html]
[www.irritime.com/ru/corporate/c.html]
[www.irritime.com/ru/corporate/t.html]
[www.irritime.com/ru/corporate/robots.html]
[www.irritime.com/ru/corporate/sitemap.html]
[www.irritime.com/ru/corporate/feed.html]
[www.irritime.com/ru/corporate/decodeURIComponent(e.html]
[www.irritime.com/tr/c.html]
[www.irritime.com/tr/t.html]
[www.irritime.com/tr/robots.html]
[www.irritime.com/tr/sitemap.html]
[www.irritime.com/tr/feed.html]
[www.irritime.com/tr/decodeURIComponent(e.html]
[www.irritime.com/tr/products/c.html]
[www.irritime.com/tr/products/t.html]
[www.irritime.com/tr/products/robots.html]
[www.irritime.com/tr/products/sitemap.html]
[www.irritime.com/tr/products/feed.html]
[www.irritime.com/tr/products/decodeURIComponent(e.html]
[www.irritime.com/tr/corporate/c.html]
[www.irritime.com/tr/corporate/t.html]
[www.irritime.com/tr/corporate/robots.html]
[www.irritime.com/tr/corporate/sitemap.html]
[www.irritime.com/tr/corporate/feed.html]
[www.irritime.com/tr/corporate/decodeURIComponent(e.html]
[www.irritime.com/tr/corporate/decodeURIComponent(e.html]
